⏭️  M1: пропуск drops (таблица не существует)
⏭️  M1: пропуск marriages (таблица не существует)
⏭️  M1: пропуск marriage_proposals (таблица не существует)
⏭️  M1: пропуск activity_stats (таблица не существует)
⏭️  M1: пропуск chat_stats (таблица не существует)
⏭️  M1: пропуск market_listings (таблица не существует)
⏭️  M1: пропуск rimworld_pawn_equipment (таблица не существует)
⏭️  M1: пропуск rimworld_pawn_skills (таблица не существует)
⏭️  M1: пропуск rimworld_pawn_hediffs (таблица не существует)
⏭️  M1: пропуск rimworld_pawn_traits (таблица не существует)
⏭️  M1: пропуск rimworld_pawn_genes (таблица не существует)
⏭️  M1: пропуск rimworld_colonists (таблица не существует)
⏭️  M1: пропуск rimworld_skills (таблица не существует)
⏭️  M1: пропуск duel_seasons (таблица не существует)
⏭️  M1: пропуск pending_duels (таблица не существует)
✅ M1: создана новая viewers (без миграции данных)
✅ M1: создана новая inventory (без миграции данных)
✅ M1: создана новая quests (без миграции данных)
✅ M1: создана новая rimworld_pawns (без миграции данных)
✅ M1: создана новая craft_stats (без миграции данных)
✅ M1: создана новая user_achievements (без миграции данных)
✅ M1: создана новая stream_streaks (без миграции данных)
✅ M1: создана новая stream_attendance (без миграции данных)
✅ M1: создана новая stream_sessions (без миграции данных)
✅ M1: создана новая casino_settings (без миграции данных)
✅ M1: создана новая free_spins_daily (без миграции данных)
✅ M1: создана новая duel_stats (без миграции данных)
✅ M1: создана новая promocodes (без миграции данных)
✅ M1: создана новая promo_uses (без миграции данных)
✅ M1: создана новая streak_rewards (без миграции данных)
✅ M1: создана новая channel_points_log (без миграции данных)
⏭️  M1: пропуск recreate rimworld_pending_commands (таблица не существует)
✅ M1: rimworld_purchase_counters создана (старой purchase_counters не было)
✅ M1: композитных индексов добавлено: 0 (skipped 7)
✅ M1: multi-tenant schema migration complete
✅ M118: журнал движения крустиков (списания и возвраты тоже)

[1] Возврат доказуем: списали 2500, вернули 2500
  OK   списание прошло
  OK   три движения записаны в порядке: [5000, -2500, 2500]
  OK   списание и возврат в сумме дают ноль — возврат доказан

[2] Прямой UPDATE мимо add_points/remove_points тоже виден
  OK   сырой UPDATE записан ((-1000, 5000, 4000))

[3] Откат транзакции убирает и деньги, и строку журнала
  OK   деньги на месте после отката
  OK   строки журнала о несостоявшемся списании нет

[4] _tx-версии на общем conn пишутся вместе с эффектом
  OK   обе операции записаны: [-700, 200]

[5] Цепочка баланса не рвётся
  OK   balance_after -> balance_before сходится на всех 6 строках
  OK   последняя строка журнала совпадает с реальным балансом

[6] Новый зритель с ненулевым балансом записан с нуля
  OK   первая строка новичка: [(300, 0, 300)]

[7] Обновление last_seen журнал не засоряет
  OK   пять обновлений last_seen не добавили ни строки

[8] Триггеры на месте под своими именами
  OK   оба триггера существуют: ['trg_points_ledger_insert', 'trg_points_ledger_update']

==========================================================
Все проверки прошли
