npm warn Unknown env config "http-proxy". This will stop working in the next major version of npm.

> shedlink-preact-pilot@0.0.0 test
> vitest run test/panel-forge-safety.test.tsx -t explicit recovery control --maxWorkers=2

(!) Your Vite config uses features that are unsupported by `configLoader: 'native'`, which is planned to become the default in a future major version of Vite:
  - import "./preact.config" without a file extension (vitest.config.ts:2:31). Add the file extension
Set `VITE_CONFIG_NATIVE_IGNORE_WARNING=true` to suppress this warning.

 RUN  v5.0.3 /workspace/scratch/f566ddb2e035/panel-preact-implementation/frontend-next

stdout | test/panel-forge-safety.test.tsx > forge unavailable quote has an explicit recovery control that preserves disclosure and then uses the recovered server price
[FE-DET] panel SHOW (battle started, viewer alive)

 ❯ test/panel-forge-safety.test.tsx (26 tests | 1 failed | 25 skipped) 478ms
   × forge unavailable quote has an explicit recovery control that preserves disclosure and then uses the recovered server price 476ms

⎯⎯⎯⎯⎯⎯⎯ Failed Tests 1 ⎯⎯⎯⎯⎯⎯⎯

 FAIL  test/panel-forge-safety.test.tsx > forge unavailable quote has an explicit recovery control that preserves disclosure and then uses the recovered server price
AssertionError: expected null not to be null
 ❯ test/panel-forge-safety.test.tsx:101:110
     99|   const p = await forgePair({ config: { ...r.config, reforge_price: 'm…
    100|   expect(p.controller.snapshot().config?.attribute_cost).toBe(r.config…
    101|   const retry = p.ui.container.querySelector<HTMLButtonElement>('#bnr-…
       |                                                                                                              ^
    102|   const before = p.trace.length; p.fixtures.config = { ...r.config, re…
    103|   await act(async () => { retry!.click(); await flush(); });

⎯⎯⎯⎯⎯⎯⎯⎯⎯⎯⎯⎯⎯⎯⎯⎯⎯⎯⎯⎯⎯⎯⎯⎯[1/1]⎯


 Test Files  1 failed (1)
      Tests  1 failed | 25 skipped (26)
   Start at  19:08:27
   Duration  1.52s (environment 35%, tests 34%, transform 21%, import 11%)
