npm warn Unknown env config "http-proxy". This will stop working in the next major version of npm.

> shedlink-preact-pilot@0.0.0 build
> npm run typecheck && vite build && node scripts/check-build.mjs

npm warn Unknown env config "http-proxy". This will stop working in the next major version of npm.

> shedlink-preact-pilot@0.0.0 typecheck
> tsc --noEmit

(!) Your Vite config uses features that are unsupported by `configLoader: 'native'`, which is planned to become the default in a future major version of Vite:
  - import "./preact.config" without a file extension (vite.config.ts:3:49). Add the file extension
  - import "./src/skillgames/origin" without a file extension (vite.config.ts:4:44). Add the file extension
Set `VITE_CONFIG_NATIVE_IGNORE_WARNING=true` to suppress this warning.
vite v8.3.2 building client environment for production...
transforming...
✓ 57 modules transformed.
rendering chunks...
computing gzip size...
dist/tournament.html                   0.90 kB │ gzip:  0.49 kB
dist/extension.html                    0.94 kB │ gzip:  0.47 kB
dist/index.html                        0.94 kB │ gzip:  0.47 kB
dist/mobile.html                       0.94 kB │ gzip:  0.47 kB
dist/panel-extension.html              0.94 kB │ gzip:  0.47 kB
dist/panel-mobile.html                 0.94 kB │ gzip:  0.47 kB
dist/.vite/manifest.json               1.12 kB │ gzip:  0.31 kB
dist/assets/tournament-DXEIGRqF.css    4.33 kB │ gzip:  1.53 kB
dist/assets/main-BcDcf8_c.css          7.13 kB │ gzip:  2.24 kB
dist/assets/main-DifE55PA.css          9.84 kB │ gzip:  3.00 kB
dist/assets/origin-6oRUfO6P.js         6.22 kB │ gzip:  2.47 kB │ map:  13.82 kB
dist/assets/tournament-M60EacDA.js    18.09 kB │ gzip:  5.21 kB │ map:  27.99 kB
dist/assets/jsxRuntime-BJoMBIby.js    25.01 kB │ gzip:  8.98 kB │ map: 172.77 kB
dist/assets/main-DGkQxGxN.js          52.34 kB │ gzip: 14.20 kB │ map:  83.64 kB
dist/assets/main-CYE48z8p.js         188.97 kB │ gzip: 46.60 kB │ map: 294.75 kB

✓ built in 99ms
(!) Your Vite config uses features that are unsupported by `configLoader: 'native'`, which is planned to become the default in a future major version of Vite:
  - import "./preact.config" without a file extension (vite.config.ts:3:49). Add the file extension
  - import "./src/skillgames/origin" without a file extension (vite.config.ts:4:44). Add the file extension
Set `VITE_CONFIG_NATIVE_IGNORE_WARNING=true` to suppress this warning.
PASS: six entrypoints; identical skillgame pages; validated EBS origin/CSP; isolated tournament preview; helper first; readable local assets; no legacy owner
PASS: bundled runtime licenses and pinned versions included
PASS: source maps confirm Preact-only runtime; readable build settings preserved
PASS: original readable Preact source contents preserved in composed maps
