npm warn Unknown env config "http-proxy". This will stop working in the next major version of npm.

> shedlink-preact-pilot@0.0.0 test
> vitest run

(!) Your Vite config uses features that are unsupported by `configLoader: 'native'`, which is planned to become the default in a future major version of Vite:
  - import "./preact.config" without a file extension (vitest.config.ts:2:31). Add the file extension
Set `VITE_CONFIG_NATIVE_IGNORE_WARNING=true` to suppress this warning.

 RUN  v5.0.3 /workspace/scratch/f566ddb2e035/panel-policy-fix-38beb21/frontend-next

⎯⎯⎯⎯⎯⎯ Unhandled Errors ⎯⎯⎯⎯⎯⎯

Vitest caught 1 unhandled error during the test run.
This might cause false positive tests. Resolve unhandled errors to make sure your tests are not affected.

⎯⎯⎯⎯⎯⎯ Unhandled Error ⎯⎯⎯⎯⎯⎯⎯
Error: [vitest-pool]: Worker forks emitted error.
 ❯ EventEmitter.onTaskError node_modules/vitest/dist/chunks/index.DpLw24bj.js:11532:21
 ❯ EventEmitter.emit node:events:509:28
 ❯ ChildProcess.emitUnexpectedExit node_modules/vitest/dist/chunks/index.DpLw24bj.js:11007:22
 ❯ ChildProcess.emit node:events:509:28
 ❯ Process.ChildProcess._handle.onexit node:internal/child_process:295:12

Caused by: Error: Worker exited unexpectedly with signal SIGKILL during started state while running test file /workspace/scratch/f566ddb2e035/panel-policy-fix-38beb21/frontend-next/test/panel-kingdom-safety.test.tsx
 ❯ ChildProcess.emitUnexpectedExit node_modules/vitest/dist/chunks/index.DpLw24bj.js:11005:33
 ❯ ChildProcess.emit node:events:509:28
 ❯ Process.ChildProcess._handle.onexit node:internal/child_process:295:12

⎯⎯⎯⎯⎯⎯⎯⎯⎯⎯⎯⎯⎯⎯⎯⎯⎯⎯⎯⎯⎯⎯⎯⎯⎯⎯⎯⎯⎯⎯


 Test Files  31 passed | 2 skipped (34)
      Tests  735 passed | 2 skipped (765)
     Errors  1 error
   Start at  18:29:36
   Duration  22.67s (tests 77%, environment 16%, import 4%, transform 2%)

    Isolate  34 workers spawned · ~891ms startup each (spawn + environment, per file)
             at least ~2.90s faster with isolate: false — reuses workers across files instead of one per file

