KINGDOM_DIPLOMACY_LEGACY_PROBE_OK 23 unchanged scripts; 32 scenarios
controls_independent {}
controls_ruler {}
controls_vassal {}
controls_member {}
create_click {"sent":{"method":"POST","path":"/api/bannerlord/action","query":"","token":"alice-token","contentType":"application/json","cache":null,"body":{"action_type":"hero.create_kingdom","data":{"kingdom_name":"My Kingdom","client_action_id":"c225fb1f-fa17-4ec1-8bc1-da32800b8521"}}},"detailsClosed":true}
create_enter {"sent":{"method":"POST","path":"/api/bannerlord/action","query":"","token":"alice-token","contentType":"application/json","cache":null,"body":{"action_type":"hero.create_kingdom","data":{"kingdom_name":"My Kingdom","client_action_id":"a4153a0c-01ce-449f-beac-142e37870fe7"}}},"detailsClosed":true}
join_click {"sent":{"method":"POST","path":"/api/bannerlord/action","query":"","token":"alice-token","contentType":"application/json","cache":null,"body":{"action_type":"hero.join_kingdom","data":{"kingdom_name":"Existing Kingdom","client_action_id":"46d704ab-a0d9-49e9-aa97-811bcd455ebe"}}},"detailsClosed":true}
join_enter {"sent":{"method":"POST","path":"/api/bannerlord/action","query":"","token":"alice-token","contentType":"application/json","cache":null,"body":{"action_type":"hero.join_kingdom","data":{"kingdom_name":"Existing Kingdom","client_action_id":"5a98d711-34ef-4c51-a1b9-795bd699d6af"}}},"detailsClosed":true}
create_quote_retry {"blockedMalformed":true,"draft":"Keep Draft","enabledAfterRetry":true}
leave_confirm_identity_change {"confirmation":"⚠️ Подтверди\n            Покинуть королевство? Обратно примут только новым вступлением, и только если согласятся принять.\n            \n                ✅ Да\n                ❌ Нет","sent":{"method":"POST","path":"/api/bannerlord/action","query":"","token":"bobby-token","contentType":"application/json","cache":null,"body":{"action_type":"hero.leave_kingdom","data":{"client_action_id":"f8790c12-ed81-4912-a50b-ef41eda09ca6"}}},"bugReproduced":true}
recruit_confirm_token {"confirmation":"⚠️ Подтверди\n            Нанять вассальный клан за 3 000 000💰? Это огромная сумма, вернуть её нельзя. Клан возглавит NPC-лорд и войдёт в твоё королевство.\n            \n                ✅ Да\n                ❌ Нет","sent":null,"bugReproduced":false}
recruit_confirm_price {"confirmation":"⚠️ Подтверди\n            Нанять вассальный клан за 3 000 000💰? Это огромная сумма, вернуть её нельзя. Клан возглавит NPC-лорд и войдёт в твоё королевство.\n            \n                ✅ Да\n                ❌ Нет","sent":null,"bugReproduced":false}
recruit_confirm_kingdom {"confirmation":"⚠️ Подтверди\n            Нанять вассальный клан за 3 000 000💰? Это огромная сумма, вернуть её нельзя. Клан возглавит NPC-лорд и войдёт в твоё королевство.\n            \n                ✅ Да\n                ❌ Нет","sent":{"method":"POST","path":"/api/bannerlord/action","query":"","token":"alice-token","contentType":"application/json","cache":null,"body":{"action_type":"hero.recruit_vassal_clan","data":{"client_action_id":"797f3fb7-9660-4ef0-9fb6-9cc4b17b3e0a"}}},"bugReproduced":true}
policy_all12 {"ids":["policy_forgiveness_of_debts","policy_land_grands_for_veteran","policy_precarial_land_tenure","policy_royal_guard","policy_sacred_majesty","policy_trial_by_jury","policy_imperial_towns","policy_noble_retinues","policy_lords_privy_council","policy_council_of_the_commons","policy_serfdom","policy_citizenship"]}
policy_pending {"blocked":true}
direct_peace {"sent":{"method":"POST","path":"/api/bannerlord/action","query":"","token":"alice-token","contentType":"application/json","cache":null,"body":{"action_type":"hero.make_peace","data":{"target_kingdom_id":"Fixture Enemy","target_kingdom_name":"Fixture Enemy","offered_tribute":-200,"client_action_id":"663072bb-9007-4d5c-a24d-e0c6e8390b53"}}}}
war {"sent":{"method":"POST","path":"/api/bannerlord/action","query":"","token":"alice-token","contentType":"application/json","cache":null,"body":{"action_type":"kingdom.propose_war","data":{"target_kingdom_id":"fixture_neutral","target_kingdom_name":"Fixture Neutral","client_action_id":"ca6441ab-1001-4d5e-9527-f3c881f4f2ab"}}}}
peace_vote {"sent":{"method":"POST","path":"/api/bannerlord/action","query":"","token":"alice-token","contentType":"application/json","cache":null,"body":{"action_type":"kingdom.propose_peace","data":{"target_kingdom_id":"fixture_enemy","target_kingdom_name":"Fixture Enemy","client_action_id":"528bc569-b5c4-40ef-8d28-e1cd4945c8c1"}}}}
tax_0 {"sent":{"method":"POST","path":"/api/bannerlord/action","query":"","token":"alice-token","contentType":"application/json","cache":null,"body":{"action_type":"kingdom.set_tax_rate","data":{"tax_rate_pct":0,"client_action_id":"a9634db9-e74a-49bb-9f74-1fbe32f33e4c"}}}}
tax_10 {"sent":{"method":"POST","path":"/api/bannerlord/action","query":"","token":"alice-token","contentType":"application/json","cache":null,"body":{"action_type":"kingdom.set_tax_rate","data":{"tax_rate_pct":10,"client_action_id":"119bc48f-719a-4d1c-9a25-4317f52d2e6d"}}}}
tax_25 {"sent":{"method":"POST","path":"/api/bannerlord/action","query":"","token":"alice-token","contentType":"application/json","cache":null,"body":{"action_type":"kingdom.set_tax_rate","data":{"tax_rate_pct":25,"client_action_id":"8bf263eb-a9c0-4505-88cd-b4618e0bfc04"}}}}
tax_50 {"sent":{"method":"POST","path":"/api/bannerlord/action","query":"","token":"alice-token","contentType":"application/json","cache":null,"body":{"action_type":"kingdom.set_tax_rate","data":{"tax_rate_pct":50,"client_action_id":"379bd9af-0e7c-4d78-ab0e-cf591b538c40"}}}}
war_server_cooldown {"disabled":true,"label":"⏳ 5:00"}
diplomacy_read_reorder {"newer":true,"older":true,"bugReproduced":true}
diplomacy_read_after_stop {"stale":true,"bugReproduced":true}
policy_local_tail_after_stop {"late":{"method":"GET","path":"/api/bannerlord/kingdom-state","query":"","token":"bobby-token","contentType":null,"cache":null,"body":null},"bugReproduced":true}
tax_local_tail_after_stop {"late":{"method":"GET","path":"/api/bannerlord/kingdom-state","query":"","token":"bobby-token","contentType":null,"cache":null,"body":null},"bugReproduced":true}
peace_draft_old_kingdom {"oldControls":true,"oldTitle":true,"sent":{"method":"POST","path":"/api/bannerlord/action","query":"","token":"alice-token","contentType":"application/json","cache":null,"body":{"action_type":"hero.make_peace","data":{"target_kingdom_id":"Draft Enemy","target_kingdom_name":"Draft Enemy","offered_tribute":123,"client_action_id":"1d89d878-83d1-469d-84d9-644ac32f1a57"}}},"bugReproduced":true}
transient_keep_absent_clear {"kept":true,"absentCleared":true}
peace_draft_hero_pipeline {"acceptedNewKingdom":true,"oldTitle":true,"staleControl":true,"bugReproduced":true}
recruit_confirm_hero_pipeline {"acceptedNewKingdom":true,"sent":{"method":"POST","path":"/api/bannerlord/action","query":"","token":"alice-token","contentType":"application/json","cache":null,"body":{"action_type":"hero.recruit_vassal_clan","data":{"client_action_id":"40763513-6120-49e9-a6cc-d8e362af9ee0"}}},"bugReproduced":true}
dynasty_visibility_gate {"hiddenCount":0,"visibleCount":1,"memberCount":1}
