npm warn Unknown env config "http-proxy". This will stop working in the next major version of npm.

> shedlink-preact-pilot@0.0.0 test
> vitest run --no-file-parallelism test/panel-kingdom-safety.test.tsx test/panel-diplomacy-safety.test.tsx -t cancelled confirmation|changed NPC quote|later identical

(!) Your Vite config uses features that are unsupported by `configLoader: 'native'`, which is planned to become the default in a future major version of Vite:
  - import "./preact.config" without a file extension (vitest.config.ts:2:31). Add the file extension
Set `VITE_CONFIG_NATIVE_IGNORE_WARNING=true` to suppress this warning.

 RUN  v5.0.3 /workspace/scratch/f566ddb2e035/panel-preact-implementation/frontend-next

stdout | test/panel-diplomacy-safety.test.tsx > later identical successful proposal keeps its own full seven-second feedback window
[FE-DET] panel SHOW (battle started, viewer alive)

 ❯ test/panel-diplomacy-safety.test.tsx (38 tests | 1 failed | 37 skipped) 458ms
   × later identical successful proposal keeps its own full seven-second feedback window 457ms
stdout | test/panel-kingdom-safety.test.tsx > changed NPC quote closes original confirm with inherited price-change warning
[FE-DET] panel SHOW (battle started, viewer alive)

 ❯ test/panel-kingdom-safety.test.tsx (40 tests | 1 failed | 38 skipped) 699ms
   × changed NPC quote closes original confirm with inherited price-change warning 173ms

⎯⎯⎯⎯⎯⎯⎯ Failed Tests 2 ⎯⎯⎯⎯⎯⎯⎯

 FAIL  test/panel-diplomacy-safety.test.tsx > later identical successful proposal keeps its own full seven-second feedback window
AssertionError: expected '' to contain 'на голосование кланов'

- Expected
+ Received

- на голосование кланов

 ❯ test/panel-diplomacy-safety.test.tsx:29:411


⎯⎯⎯⎯⎯⎯⎯⎯⎯⎯⎯⎯⎯⎯⎯⎯⎯⎯⎯⎯⎯⎯⎯⎯[1/2]⎯

 FAIL  test/panel-kingdom-safety.test.tsx > changed NPC quote closes original confirm with inherited price-change warning
AssertionError: expected '' to be 'Цена изменилась. Проверьте новую цену…' // Object.is equality

- Expected
+ Received

- Цена изменилась. Проверьте новую цену и подтвердите покупку ещё раз.

 ❯ test/panel-kingdom-safety.test.tsx:21:401


⎯⎯⎯⎯⎯⎯⎯⎯⎯⎯⎯⎯⎯⎯⎯⎯⎯⎯⎯⎯⎯⎯⎯⎯[2/2]⎯


 Test Files  2 failed (2)
      Tests  2 failed | 1 passed | 75 skipped (78)
   Start at  18:08:20
   Duration  2.99s (tests 42%, environment 37%, transform 11%, import 10%)

    Isolate  2 workers spawned · ~619ms startup each (spawn + environment, per file)
             at least ~619ms faster with isolate: false — reuses workers across files instead of one per file
