00:09:32  ========================================================================
00:09:32  СЕАНС 2026-09-13 00:09:32 — загрузка мода
00:09:32  контракт движка: структура движка совпала со всеми 46 ожиданиями
00:12:17  поведение автопилота зарегистрировано в кампании
00:12:24  ========================================================================
00:12:24  СЕАНС 2026-09-13 00:12:24 — загрузка сохранения; автопилот выключен
00:12:24  состояние после загрузки: IsDisabled=False; DoNotMakeNewDecisions=False; DefaultBehavior=Hold; Army=False; Settlement=нет; Encounter=False
00:12:24  сейв сделан при включённом автопилоте: его маршрут отменён (Hold)
00:13:46  ========================================================================
00:13:46  СЕАНС 2026-09-13 00:13:46 — включение, режим применение
00:13:46  состояние до включения: IsDisabled=False; DoNotMakeNewDecisions=False; DefaultBehavior=Hold; Army=False; Settlement=нет; Encounter=False
00:13:46  ВКЛЮЧЕН, режим применение; позиция у Ревиль ((CampaignVec2) X: 300.3447 Y: 583.3357 IsOnLand: True); поведение Hold
00:13:46  [UI] Автопилот включён, режим: применение. Лог: C:\Users\Edward\Documents\Mount and Blade II Bannerlord\Logs\autopilot_20260913.txt
00:13:49  час: оценок 16; позиция у Ревиль ((CampaignVec2) X: 300.3447 Y: 583.3357 IsOnLand: True); текущее поведение Hold
00:13:49      GoToSettlement → Ревиль = 2.345
00:13:49      GoToSettlement → Карбур = 0.890
00:13:49      GoToSettlement → Замок Устокол = 0.440
00:13:49      GoToSettlement → Корсия = 0.747
00:13:49      GoToSettlement → Жемянь = 0.605
00:13:49      GoToSettlement → Устокол = 0.453
00:13:49      GoToSettlement → Замок Флинтолг = 0.186
00:13:49      GoToSettlement → Флинтолг = 0.158
00:13:49    лучшее: GoToSettlement → Ревиль = 2.345
00:13:49    НОВАЯ ЦЕЛЬ #1: GoToSettlement → Ревиль (оценка 2.345)
00:13:49    после применения: поведение GoToSettlement; цель Ревиль; движется False
00:13:49  ПРИБЫЛИ в «Ревиль» (прибытие #1)
00:13:49    выход изнутри: к воротам → LeaveSettlement → Finish → Hold
00:13:49    ВЫШЛИ из «Ревиль» (подтверждённый выход #1)
00:13:49    время возобновлено (скорость 1): закрытие встречи ставит паузу
00:13:53  час: оценок 16; позиция у Ревиль ((CampaignVec2) X: 300.3447 Y: 583.3357 IsOnLand: True); текущее поведение Hold
00:13:53      GoToSettlement → Ревиль = 2.059
00:13:53      GoToSettlement → Карбур = 0.892
00:13:53      GoToSettlement → Замок Устокол = 0.441
00:13:53      GoToSettlement → Корсия = 0.749
00:13:53      GoToSettlement → Жемянь = 0.606
00:13:53      GoToSettlement → Устокол = 0.454
00:13:53      GoToSettlement → Замок Флинтолг = 0.186
00:13:53      GoToSettlement → Флинтолг = 0.158
00:13:53    лучшее: GoToSettlement → Ревиль = 2.059
00:13:53    НОВАЯ ЦЕЛЬ #2: GoToSettlement → Ревиль (оценка 2.059)
00:13:53    после применения: поведение GoToSettlement; цель Ревиль; движется False
00:13:53  ПРИБЫЛИ в «Ревиль» (прибытие #2)
00:13:53    выход изнутри: к воротам → LeaveSettlement → Finish → Hold
00:13:53    ВЫШЛИ из «Ревиль» (подтверждённый выход #2)
00:13:53    время возобновлено (скорость 1): закрытие встречи ставит паузу
00:13:56  час: оценок 16; позиция у Ревиль ((CampaignVec2) X: 300.3447 Y: 583.3357 IsOnLand: True); текущее поведение Hold
00:13:56      GoToSettlement → Ревиль = 2.070
00:13:56      GoToSettlement → Карбур = 0.893
00:13:56      GoToSettlement → Замок Устокол = 0.442
00:13:56      GoToSettlement → Корсия = 0.750
00:13:56      GoToSettlement → Жемянь = 0.607
00:13:56      GoToSettlement → Устокол = 0.454
00:13:56      GoToSettlement → Замок Флинтолг = 0.186
00:13:56      GoToSettlement → Флинтолг = 0.158
00:13:56    лучшее: GoToSettlement → Ревиль = 2.070
00:13:56    НОВАЯ ЦЕЛЬ #3: GoToSettlement → Ревиль (оценка 2.070)
00:13:56    после применения: поведение GoToSettlement; цель Ревиль; движется False
00:13:57  ПРИБЫЛИ в «Ревиль» (прибытие #3)
00:13:57    выход изнутри: к воротам → LeaveSettlement → Finish → Hold
00:13:57    ВЫШЛИ из «Ревиль» (подтверждённый выход #3)
00:13:57    время возобновлено (скорость 1): закрытие встречи ставит паузу
00:14:00  час: оценок 16; позиция у Ревиль ((CampaignVec2) X: 300.3447 Y: 583.3357 IsOnLand: True); текущее поведение Hold
00:14:00      GoToSettlement → Ревиль = 2.059
00:14:00      GoToSettlement → Карбур = 0.894
00:14:00      GoToSettlement → Замок Устокол = 0.443
00:14:00      GoToSettlement → Корсия = 0.751
00:14:00      GoToSettlement → Жемянь = 0.591
00:14:00      GoToSettlement → Устокол = 0.455
00:14:00      GoToSettlement → Замок Флинтолг = 0.186
00:14:00      GoToSettlement → Флинтолг = 0.158
00:14:00    лучшее: GoToSettlement → Ревиль = 2.059
00:14:00    НОВАЯ ЦЕЛЬ #4: GoToSettlement → Ревиль (оценка 2.059)
00:14:00    после применения: поведение GoToSettlement; цель Ревиль; движется False
00:14:00  ПРИБЫЛИ в «Ревиль» (прибытие #4)
00:14:00    выход изнутри: к воротам → LeaveSettlement → Finish → Hold
00:14:00    ВЫШЛИ из «Ревиль» (подтверждённый выход #4)
00:14:00    время возобновлено (скорость 1): закрытие встречи ставит паузу
00:14:04  час: оценок 16; позиция у Ревиль ((CampaignVec2) X: 300.3447 Y: 583.3357 IsOnLand: True); текущее поведение Hold
00:14:04      GoToSettlement → Ревиль = 2.048
00:14:04      GoToSettlement → Карбур = 0.896
00:14:04      GoToSettlement → Замок Устокол = 0.444
00:14:04      GoToSettlement → Корсия = 0.753
00:14:04      GoToSettlement → Жемянь = 0.592
00:14:04      GoToSettlement → Устокол = 0.456
00:14:04      GoToSettlement → Замок Флинтолг = 0.186
00:14:04      GoToSettlement → Флинтолг = 0.158
00:14:04    лучшее: GoToSettlement → Ревиль = 2.048
00:14:04    НОВАЯ ЦЕЛЬ #5: GoToSettlement → Ревиль (оценка 2.048)
00:14:04    после применения: поведение GoToSettlement; цель Ревиль; движется False
00:14:04  ПРИБЫЛИ в «Ревиль» (прибытие #5)
00:14:04    выход изнутри: к воротам → LeaveSettlement → Finish → Hold
00:14:04    ВЫШЛИ из «Ревиль» (подтверждённый выход #5)
00:14:04    время возобновлено (скорость 1): закрытие встречи ставит паузу
00:14:07  час: оценок 16; позиция у Ревиль ((CampaignVec2) X: 300.3447 Y: 583.3357 IsOnLand: True); текущее поведение Hold
00:14:07      GoToSettlement → Ревиль = 1.949
00:14:07      GoToSettlement → Карбур = 0.897
00:14:07      GoToSettlement → Замок Устокол = 0.444
00:14:07      GoToSettlement → Корсия = 0.754
00:14:07      GoToSettlement → Жемянь = 0.593
00:14:07      GoToSettlement → Устокол = 0.457
00:14:07      GoToSettlement → Замок Флинтолг = 0.186
00:14:07      GoToSettlement → Флинтолг = 0.158
00:14:07    лучшее: GoToSettlement → Ревиль = 1.949
00:14:07    НОВАЯ ЦЕЛЬ #6: GoToSettlement → Ревиль (оценка 1.949)
00:14:07    после применения: поведение GoToSettlement; цель Ревиль; движется False
00:14:07  ПРИБЫЛИ в «Ревиль» (прибытие #6)
00:14:07    выход изнутри: к воротам → LeaveSettlement → Finish → Hold
00:14:07    ВЫШЛИ из «Ревиль» (подтверждённый выход #6)
00:14:07    время возобновлено (скорость 1): закрытие встречи ставит паузу
00:14:11  час: оценок 16; позиция у Ревиль ((CampaignVec2) X: 300.3447 Y: 583.3357 IsOnLand: True); текущее поведение Hold
00:14:11      GoToSettlement → Ревиль = 1.938
00:14:11      GoToSettlement → Карбур = 0.899
00:14:11      GoToSettlement → Замок Устокол = 0.445
00:14:11      GoToSettlement → Корсия = 0.755
00:14:11      GoToSettlement → Жемянь = 0.594
00:14:11      GoToSettlement → Устокол = 0.458
00:14:11      GoToSettlement → Замок Флинтолг = 0.186
00:14:11      GoToSettlement → Флинтолг = 0.158
00:14:11    лучшее: GoToSettlement → Ревиль = 1.938
00:14:11    НОВАЯ ЦЕЛЬ #7: GoToSettlement → Ревиль (оценка 1.938)
00:14:11    после применения: поведение GoToSettlement; цель Ревиль; движется False
00:14:11  ПРИБЫЛИ в «Ревиль» (прибытие #7)
00:14:11    выход изнутри: к воротам → LeaveSettlement → Finish → Hold
00:14:11    ВЫШЛИ из «Ревиль» (подтверждённый выход #7)
00:14:11    время возобновлено (скорость 1): закрытие встречи ставит паузу
00:14:14  час: оценок 16; позиция у Ревиль ((CampaignVec2) X: 300.3447 Y: 583.3357 IsOnLand: True); текущее поведение Hold
00:14:14      GoToSettlement → Ревиль = 1.928
00:14:14      GoToSettlement → Карбур = 1.010
00:14:14      GoToSettlement → Замок Устокол = 0.446
00:14:14      GoToSettlement → Корсия = 0.757
00:14:14      GoToSettlement → Жемянь = 0.613
00:14:14      GoToSettlement → Устокол = 0.459
00:14:14      GoToSettlement → Замок Флинтолг = 0.186
00:14:14      GoToSettlement → Флинтолг = 0.158
00:14:14    лучшее: GoToSettlement → Ревиль = 1.928
00:14:14    НОВАЯ ЦЕЛЬ #8: GoToSettlement → Ревиль (оценка 1.928)
00:14:14    после применения: поведение GoToSettlement; цель Ревиль; движется False
00:14:14  ПРИБЫЛИ в «Ревиль» (прибытие #8)
00:14:14    выход изнутри: к воротам → LeaveSettlement → Finish → Hold
00:14:14    ВЫШЛИ из «Ревиль» (подтверждённый выход #8)
00:14:14    время возобновлено (скорость 1): закрытие встречи ставит паузу
00:14:18  час: оценок 16; позиция у Ревиль ((CampaignVec2) X: 300.3447 Y: 583.3357 IsOnLand: True); текущее поведение Hold
00:14:18      GoToSettlement → Ревиль = 1.949
00:14:18      GoToSettlement → Карбур = 0.902
00:14:18      GoToSettlement → Замок Устокол = 0.447
00:14:18      GoToSettlement → Корсия = 0.758
00:14:18      GoToSettlement → Жемянь = 0.614
00:14:18      GoToSettlement → Устокол = 0.460
00:14:18      GoToSettlement → Замок Флинтолг = 0.186
00:14:18      GoToSettlement → Флинтолг = 0.158
00:14:18    лучшее: GoToSettlement → Ревиль = 1.949
00:14:18    НОВАЯ ЦЕЛЬ #9: GoToSettlement → Ревиль (оценка 1.949)
00:14:18    после применения: поведение GoToSettlement; цель Ревиль; движется False
00:14:18  ПРИБЫЛИ в «Ревиль» (прибытие #9)
00:14:18    выход изнутри: к воротам → LeaveSettlement → Finish → Hold
00:14:18    ВЫШЛИ из «Ревиль» (подтверждённый выход #9)
00:14:18    время возобновлено (скорость 1): закрытие встречи ставит паузу
00:14:21  час: оценок 16; позиция у Ревиль ((CampaignVec2) X: 300.3447 Y: 583.3357 IsOnLand: True); текущее поведение Hold
00:14:21      GoToSettlement → Ревиль = 1.928
00:14:21      GoToSettlement → Карбур = 0.904
00:14:21      GoToSettlement → Замок Устокол = 0.448
00:14:21      GoToSettlement → Корсия = 0.760
00:14:21      GoToSettlement → Жемянь = 0.616
00:14:21      GoToSettlement → Устокол = 0.461
00:14:21      GoToSettlement → Замок Флинтолг = 0.186
00:14:21      GoToSettlement → Флинтолг = 0.158
00:14:21    лучшее: GoToSettlement → Ревиль = 1.928
00:14:21    НОВАЯ ЦЕЛЬ #10: GoToSettlement → Ревиль (оценка 1.928)
00:14:21    после применения: поведение GoToSettlement; цель Ревиль; движется False
00:14:21  ПРИБЫЛИ в «Ревиль» (прибытие #10)
00:14:21    выход изнутри: к воротам → LeaveSettlement → Finish → Hold
00:14:21    ВЫШЛИ из «Ревиль» (подтверждённый выход #10)
00:14:21    время возобновлено (скорость 1): закрытие встречи ставит паузу
00:14:25  час: оценок 16; позиция у Ревиль ((CampaignVec2) X: 300.3447 Y: 583.3357 IsOnLand: True); текущее поведение Hold
00:14:25      GoToSettlement → Ревиль = 1.949
00:14:25      GoToSettlement → Карбур = 0.905
00:14:25      GoToSettlement → Замок Устокол = 0.449
00:14:25      GoToSettlement → Корсия = 0.761
00:14:25      GoToSettlement → Жемянь = 0.616
00:14:25      GoToSettlement → Устокол = 0.462
00:14:25      GoToSettlement → Замок Флинтолг = 0.186
00:14:25      GoToSettlement → Флинтолг = 0.158
00:14:25    лучшее: GoToSettlement → Ревиль = 1.949
00:14:25    НОВАЯ ЦЕЛЬ #11: GoToSettlement → Ревиль (оценка 1.949)
00:14:25    после применения: поведение GoToSettlement; цель Ревиль; движется False
00:14:25  ПРИБЫЛИ в «Ревиль» (прибытие #11)
00:14:25    выход изнутри: к воротам → LeaveSettlement → Finish → Hold
00:14:25    ВЫШЛИ из «Ревиль» (подтверждённый выход #11)
00:14:25    время возобновлено (скорость 1): закрытие встречи ставит паузу
00:14:28  час: оценок 16; позиция у Ревиль ((CampaignVec2) X: 300.3447 Y: 583.3357 IsOnLand: True); текущее поведение Hold
00:14:28      GoToSettlement → Ревиль = 1.938
00:14:28      GoToSettlement → Карбур = 0.906
00:14:28      GoToSettlement → Замок Устокол = 0.450
00:14:28      GoToSettlement → Корсия = 0.762
00:14:28      GoToSettlement → Жемянь = 0.618
00:14:28      GoToSettlement → Устокол = 0.463
00:14:28      GoToSettlement → Замок Флинтолг = 0.186
00:14:28      GoToSettlement → Флинтолг = 0.158
00:14:28    лучшее: GoToSettlement → Ревиль = 1.938
00:14:28    НОВАЯ ЦЕЛЬ #12: GoToSettlement → Ревиль (оценка 1.938)
00:14:28    после применения: поведение GoToSettlement; цель Ревиль; движется False
00:14:29  ПРИБЫЛИ в «Ревиль» (прибытие #12)
00:14:29    выход изнутри: к воротам → LeaveSettlement → Finish → Hold
00:14:29    ВЫШЛИ из «Ревиль» (подтверждённый выход #12)
00:14:29    время возобновлено (скорость 1): закрытие встречи ставит паузу
00:14:32  час: оценок 16; позиция у Ревиль ((CampaignVec2) X: 300.3447 Y: 583.3357 IsOnLand: True); текущее поведение Hold
00:14:32      GoToSettlement → Ревиль = 1.928
00:14:32      GoToSettlement → Карбур = 0.908
00:14:32      GoToSettlement → Замок Устокол = 0.451
00:14:32      GoToSettlement → Корсия = 0.764
00:14:32      GoToSettlement → Жемянь = 0.619
00:14:32      GoToSettlement → Устокол = 0.464
00:14:32      GoToSettlement → Замок Флинтолг = 0.186
00:14:32      GoToSettlement → Флинтолг = 0.158
00:14:32    лучшее: GoToSettlement → Ревиль = 1.928
00:14:32    НОВАЯ ЦЕЛЬ #13: GoToSettlement → Ревиль (оценка 1.928)
00:14:32    после применения: поведение GoToSettlement; цель Ревиль; движется False
00:14:32  ПРИБЫЛИ в «Ревиль» (прибытие #13)
00:14:32    выход изнутри: к воротам → LeaveSettlement → Finish → Hold
00:14:32    ВЫШЛИ из «Ревиль» (подтверждённый выход #13)
00:14:32    время возобновлено (скорость 1): закрытие встречи ставит паузу
00:14:35  час: оценок 16; позиция у Ревиль ((CampaignVec2) X: 300.3447 Y: 583.3357 IsOnLand: True); текущее поведение Hold
00:14:35      GoToSettlement → Ревиль = 1.949
00:14:35      GoToSettlement → Карбур = 0.909
00:14:35      GoToSettlement → Замок Устокол = 0.451
00:14:35      GoToSettlement → Корсия = 0.765
00:14:35      GoToSettlement → Жемянь = 0.620
00:14:35      GoToSettlement → Устокол = 0.465
00:14:35      GoToSettlement → Замок Флинтолг = 0.186
00:14:35      GoToSettlement → Флинтолг = 0.158
00:14:35    лучшее: GoToSettlement → Ревиль = 1.949
00:14:35    НОВАЯ ЦЕЛЬ #14: GoToSettlement → Ревиль (оценка 1.949)
00:14:35    после применения: поведение GoToSettlement; цель Ревиль; движется False
00:14:36  ПРИБЫЛИ в «Ревиль» (прибытие #14)
00:14:36    выход изнутри: к воротам → LeaveSettlement → Finish → Hold
00:14:36    ВЫШЛИ из «Ревиль» (подтверждённый выход #14)
00:14:36    время возобновлено (скорость 1): закрытие встречи ставит паузу
00:14:39  час: оценок 16; позиция у Ревиль ((CampaignVec2) X: 300.3447 Y: 583.3357 IsOnLand: True); текущее поведение Hold
00:14:39      GoToSettlement → Ревиль = 1.938
00:14:39      GoToSettlement → Карбур = 0.911
00:14:39      GoToSettlement → Замок Устокол = 0.452
00:14:39      GoToSettlement → Корсия = 0.766
00:14:39      GoToSettlement → Жемянь = 0.621
00:14:39      GoToSettlement → Устокол = 0.466
00:14:39      GoToSettlement → Замок Флинтолг = 0.186
00:14:39      GoToSettlement → Флинтолг = 0.158
00:14:39    лучшее: GoToSettlement → Ревиль = 1.938
00:14:39    НОВАЯ ЦЕЛЬ #15: GoToSettlement → Ревиль (оценка 1.938)
00:14:39    после применения: поведение GoToSettlement; цель Ревиль; движется False
00:14:39  ПРИБЫЛИ в «Ревиль» (прибытие #15)
00:14:39    выход изнутри: к воротам → LeaveSettlement → Finish → Hold
00:14:39    ВЫШЛИ из «Ревиль» (подтверждённый выход #15)
00:14:39    время возобновлено (скорость 1): закрытие встречи ставит паузу
00:14:42  час: оценок 16; позиция у Ревиль ((CampaignVec2) X: 300.3447 Y: 583.3357 IsOnLand: True); текущее поведение Hold
00:14:42      GoToSettlement → Ревиль = 1.928
00:14:42      GoToSettlement → Карбур = 0.913
00:14:42      GoToSettlement → Замок Устокол = 0.453
00:14:42      GoToSettlement → Корсия = 0.768
00:14:42      GoToSettlement → Жемянь = 0.623
00:14:42      GoToSettlement → Устокол = 0.467
00:14:42      GoToSettlement → Замок Флинтолг = 0.186
00:14:42      GoToSettlement → Флинтолг = 0.158
00:14:42    лучшее: GoToSettlement → Ревиль = 1.928
00:14:42    НОВАЯ ЦЕЛЬ #16: GoToSettlement → Ревиль (оценка 1.928)
00:14:42    после применения: поведение GoToSettlement; цель Ревиль; движется False
00:14:43  ПРИБЫЛИ в «Ревиль» (прибытие #16)
00:14:43    выход изнутри: к воротам → LeaveSettlement → Finish → Hold
00:14:43    ВЫШЛИ из «Ревиль» (подтверждённый выход #16)
00:14:43    время возобновлено (скорость 1): закрытие встречи ставит паузу
00:14:46  час: оценок 16; позиция у Ревиль ((CampaignVec2) X: 300.3447 Y: 583.3357 IsOnLand: True); текущее поведение Hold
00:14:46      GoToSettlement → Ревиль = 1.949
00:14:46      GoToSettlement → Карбур = 0.914
00:14:46      GoToSettlement → Замок Устокол = 0.454
00:14:46      GoToSettlement → Корсия = 0.769
00:14:46      GoToSettlement → Жемянь = 0.624
00:14:46      GoToSettlement → Устокол = 0.467
00:14:46      GoToSettlement → Замок Флинтолг = 0.186
00:14:46      GoToSettlement → Флинтолг = 0.158
00:14:46    лучшее: GoToSettlement → Ревиль = 1.949
00:14:46    НОВАЯ ЦЕЛЬ #17: GoToSettlement → Ревиль (оценка 1.949)
00:14:46    после применения: поведение GoToSettlement; цель Ревиль; движется False
00:14:46  ПРИБЫЛИ в «Ревиль» (прибытие #17)
00:14:46    выход изнутри: к воротам → LeaveSettlement → Finish → Hold
00:14:46    ВЫШЛИ из «Ревиль» (подтверждённый выход #17)
00:14:46    время возобновлено (скорость 1): закрытие встречи ставит паузу
00:14:50  час: оценок 16; позиция у Ревиль ((CampaignVec2) X: 300.3447 Y: 583.3357 IsOnLand: True); текущее поведение Hold
00:14:50      GoToSettlement → Ревиль = 1.928
00:14:50      GoToSettlement → Карбур = 0.916
00:14:50      GoToSettlement → Замок Устокол = 0.455
00:14:50      GoToSettlement → Корсия = 0.771
00:14:50      GoToSettlement → Жемянь = 0.625
00:14:50      GoToSettlement → Устокол = 0.469
00:14:50      GoToSettlement → Замок Флинтолг = 0.186
00:14:50      GoToSettlement → Флинтолг = 0.158
00:14:50    лучшее: GoToSettlement → Ревиль = 1.928
00:14:50    НОВАЯ ЦЕЛЬ #18: GoToSettlement → Ревиль (оценка 1.928)
00:14:50    после применения: поведение GoToSettlement; цель Ревиль; движется False
00:14:50  ПРИБЫЛИ в «Ревиль» (прибытие #18)
00:14:50    выход изнутри: к воротам → LeaveSettlement → Finish → Hold
00:14:50    ВЫШЛИ из «Ревиль» (подтверждённый выход #18)
00:14:50    время возобновлено (скорость 1): закрытие встречи ставит паузу
00:14:53  час: оценок 16; позиция у Ревиль ((CampaignVec2) X: 300.3447 Y: 583.3357 IsOnLand: True); текущее поведение Hold
00:14:53      GoToSettlement → Ревиль = 1.949
00:14:53      GoToSettlement → Карбур = 0.917
00:14:53      GoToSettlement → Замок Устокол = 0.456
00:14:53      GoToSettlement → Корсия = 0.772
00:14:53      GoToSettlement → Жемянь = 0.626
00:14:53      GoToSettlement → Устокол = 0.469
00:14:53      GoToSettlement → Замок Флинтолг = 0.186
00:14:53      GoToSettlement → Флинтолг = 0.158
00:14:53    лучшее: GoToSettlement → Ревиль = 1.949
00:14:53    НОВАЯ ЦЕЛЬ #19: GoToSettlement → Ревиль (оценка 1.949)
00:14:53    после применения: поведение GoToSettlement; цель Ревиль; движется False
00:14:53  ПРИБЫЛИ в «Ревиль» (прибытие #19)
00:14:53    выход изнутри: к воротам → LeaveSettlement → Finish → Hold
00:14:53    ВЫШЛИ из «Ревиль» (подтверждённый выход #19)
00:14:53    время возобновлено (скорость 1): закрытие встречи ставит паузу
00:14:57  час: оценок 16; позиция у Ревиль ((CampaignVec2) X: 300.3447 Y: 583.3357 IsOnLand: True); текущее поведение Hold
00:14:57      GoToSettlement → Ревиль = 2.845
00:14:57      GoToSettlement → Карбур = 0.890
00:14:57      GoToSettlement → Замок Устокол = 0.456
00:14:57      GoToSettlement → Корсия = 0.773
00:14:57      GoToSettlement → Жемянь = 0.627
00:14:57      GoToSettlement → Устокол = 0.470
00:14:57      GoToSettlement → Замок Флинтолг = 0.186
00:14:57      GoToSettlement → Флинтолг = 0.158
00:14:57    лучшее: GoToSettlement → Ревиль = 2.845
00:14:57    НОВАЯ ЦЕЛЬ #20: GoToSettlement → Ревиль (оценка 2.845)
00:14:57    после применения: поведение GoToSettlement; цель Ревиль; движется False
00:14:57  ПРИБЫЛИ в «Ревиль» (прибытие #20)
00:14:57    выход изнутри: к воротам → LeaveSettlement → Finish → Hold
00:14:57    ВЫШЛИ из «Ревиль» (подтверждённый выход #20)
00:14:57    время возобновлено (скорость 1): закрытие встречи ставит паузу
00:15:00  час: оценок 16; позиция у Ревиль ((CampaignVec2) X: 300.3447 Y: 583.3357 IsOnLand: True); текущее поведение Hold
00:15:00      GoToSettlement → Ревиль = 2.605
00:15:00      GoToSettlement → Карбур = 0.999
00:15:00      GoToSettlement → Замок Устокол = 0.457
00:15:00      GoToSettlement → Корсия = 0.775
00:15:00      GoToSettlement → Жемянь = 0.628
00:15:00      GoToSettlement → Устокол = 0.471
00:15:00      GoToSettlement → Замок Флинтолг = 0.186
00:15:00      GoToSettlement → Флинтолг = 0.158
00:15:00    лучшее: GoToSettlement → Ревиль = 2.605
00:15:00    НОВАЯ ЦЕЛЬ #21: GoToSettlement → Ревиль (оценка 2.605)
00:15:00    после применения: поведение GoToSettlement; цель Ревиль; движется False
00:15:00  ПРИБЫЛИ в «Ревиль» (прибытие #21)
00:15:00    выход изнутри: к воротам → LeaveSettlement → Finish → Hold
00:15:00    ВЫШЛИ из «Ревиль» (подтверждённый выход #21)
00:15:00    время возобновлено (скорость 1): закрытие встречи ставит паузу
00:15:04  час: оценок 16; позиция у Ревиль ((CampaignVec2) X: 300.3447 Y: 583.3357 IsOnLand: True); текущее поведение Hold
00:15:04      GoToSettlement → Ревиль = 2.605
00:15:04      GoToSettlement → Карбур = 1.001
00:15:04      GoToSettlement → Замок Устокол = 0.458
00:15:04      GoToSettlement → Корсия = 0.776
00:15:04      GoToSettlement → Жемянь = 0.630
00:15:04      GoToSettlement → Устокол = 0.472
00:15:04      GoToSettlement → Замок Флинтолг = 0.186
00:15:04      GoToSettlement → Флинтолг = 0.148
00:15:04    лучшее: GoToSettlement → Ревиль = 2.605
00:15:04    НОВАЯ ЦЕЛЬ #22: GoToSettlement → Ревиль (оценка 2.605)
00:15:04    после применения: поведение GoToSettlement; цель Ревиль; движется False
00:15:04  ПРИБЫЛИ в «Ревиль» (прибытие #22)
00:15:04    выход изнутри: к воротам → LeaveSettlement → Finish → Hold
00:15:04    ВЫШЛИ из «Ревиль» (подтверждённый выход #22)
00:15:04    время возобновлено (скорость 1): закрытие встречи ставит паузу
00:15:07  час: оценок 16; позиция у Ревиль ((CampaignVec2) X: 300.3447 Y: 583.3357 IsOnLand: True); текущее поведение Hold
00:15:07      GoToSettlement → Ревиль = 2.670
00:15:07      GoToSettlement → Карбур = 1.002
00:15:07      GoToSettlement → Замок Устокол = 0.459
00:15:07      GoToSettlement → Корсия = 0.777
00:15:07      GoToSettlement → Жемянь = 0.631
00:15:07      GoToSettlement → Устокол = 0.473
00:15:07      GoToSettlement → Замок Флинтолг = 0.185
00:15:07      GoToSettlement → Флинтолг = 0.148
00:15:07    лучшее: GoToSettlement → Ревиль = 2.670
00:15:07    НОВАЯ ЦЕЛЬ #23: GoToSettlement → Ревиль (оценка 2.670)
00:15:07    после применения: поведение GoToSettlement; цель Ревиль; движется False
00:15:07  ПРИБЫЛИ в «Ревиль» (прибытие #23)
00:15:07    выход изнутри: к воротам → LeaveSettlement → Finish → Hold
00:15:07    ВЫШЛИ из «Ревиль» (подтверждённый выход #23)
00:15:07    время возобновлено (скорость 1): закрытие встречи ставит паузу
00:15:11  час: оценок 16; позиция у Ревиль ((CampaignVec2) X: 300.3447 Y: 583.3357 IsOnLand: True); текущее поведение Hold
00:15:11      GoToSettlement → Ревиль = 2.670
00:15:11      GoToSettlement → Карбур = 1.004
00:15:11      GoToSettlement → Замок Устокол = 0.460
00:15:11      GoToSettlement → Корсия = 0.779
00:15:11      GoToSettlement → Жемянь = 0.632
00:15:11      GoToSettlement → Устокол = 0.474
00:15:11      GoToSettlement → Замок Флинтолг = 0.185
00:15:11      GoToSettlement → Флинтолг = 0.148
00:15:11    лучшее: GoToSettlement → Ревиль = 2.670
00:15:11    НОВАЯ ЦЕЛЬ #24: GoToSettlement → Ревиль (оценка 2.670)
00:15:11    после применения: поведение GoToSettlement; цель Ревиль; движется False
00:15:11  ПРИБЫЛИ в «Ревиль» (прибытие #24)
00:15:11    выход изнутри: к воротам → LeaveSettlement → Finish → Hold
00:15:11    ВЫШЛИ из «Ревиль» (подтверждённый выход #24)
00:15:11    время возобновлено (скорость 1): закрытие встречи ставит паузу
00:15:14  час: оценок 16; позиция у Ревиль ((CampaignVec2) X: 300.3447 Y: 583.3357 IsOnLand: True); текущее поведение Hold
00:15:14      GoToSettlement → Ревиль = 2.069
00:15:14      GoToSettlement → Карбур = 1.006
00:15:14      GoToSettlement → Замок Устокол = 0.461
00:15:14      GoToSettlement → Корсия = 0.780
00:15:14      GoToSettlement → Жемянь = 0.633
00:15:14      GoToSettlement → Устокол = 0.475
00:15:14      GoToSettlement → Замок Флинтолг = 0.185
00:15:14      GoToSettlement → Флинтолг = 0.148
00:15:14    лучшее: GoToSettlement → Ревиль = 2.069
00:15:14    НОВАЯ ЦЕЛЬ #25: GoToSettlement → Ревиль (оценка 2.069)
00:15:14    после применения: поведение GoToSettlement; цель Ревиль; движется False
00:15:15  ПРИБЫЛИ в «Ревиль» (прибытие #25)
00:15:15    выход изнутри: к воротам → LeaveSettlement → Finish → Hold
00:15:15    ВЫШЛИ из «Ревиль» (подтверждённый выход #25)
00:15:15    время возобновлено (скорость 1): закрытие встречи ставит паузу
00:15:18  час: оценок 16; позиция у Ревиль ((CampaignVec2) X: 300.3447 Y: 583.3357 IsOnLand: True); текущее поведение Hold
00:15:18      GoToSettlement → Ревиль = 2.212
00:15:18      GoToSettlement → Карбур = 1.007
00:15:18      GoToSettlement → Замок Устокол = 0.462
00:15:18      GoToSettlement → Корсия = 0.782
00:15:18      GoToSettlement → Жемянь = 0.634
00:15:18      GoToSettlement → Устокол = 0.476
00:15:18      GoToSettlement → Замок Флинтолг = 0.185
00:15:18      GoToSettlement → Флинтолг = 0.148
00:15:18    лучшее: GoToSettlement → Ревиль = 2.212
00:15:18    НОВАЯ ЦЕЛЬ #26: GoToSettlement → Ревиль (оценка 2.212)
00:15:18    после применения: поведение GoToSettlement; цель Ревиль; движется False
00:15:18  ПРИБЫЛИ в «Ревиль» (прибытие #26)
00:15:18    выход изнутри: к воротам → LeaveSettlement → Finish → Hold
00:15:18    ВЫШЛИ из «Ревиль» (подтверждённый выход #26)
00:15:18    время возобновлено (скорость 1): закрытие встречи ставит паузу
00:15:21  час: оценок 16; позиция у Ревиль ((CampaignVec2) X: 300.3447 Y: 583.3357 IsOnLand: True); текущее поведение Hold
00:15:21      GoToSettlement → Ревиль = 2.212
00:15:21      GoToSettlement → Карбур = 1.009
00:15:21      GoToSettlement → Замок Устокол = 0.462
00:15:21      GoToSettlement → Корсия = 0.783
00:15:21      GoToSettlement → Жемянь = 0.636
00:15:21      GoToSettlement → Устокол = 0.477
00:15:21      GoToSettlement → Замок Флинтолг = 0.185
00:15:21      GoToSettlement → Флинтолг = 0.148
00:15:21    лучшее: GoToSettlement → Ревиль = 2.212
00:15:21    НОВАЯ ЦЕЛЬ #27: GoToSettlement → Ревиль (оценка 2.212)
00:15:21    после применения: поведение GoToSettlement; цель Ревиль; движется False
00:15:22  ПРИБЫЛИ в «Ревиль» (прибытие #27)
00:15:22    выход изнутри: к воротам → LeaveSettlement → Finish → Hold
00:15:22    ВЫШЛИ из «Ревиль» (подтверждённый выход #27)
00:15:22    время возобновлено (скорость 1): закрытие встречи ставит паузу
00:15:25  час: оценок 16; позиция у Ревиль ((CampaignVec2) X: 300.3447 Y: 583.3357 IsOnLand: True); текущее поведение Hold
00:15:25      GoToSettlement → Ревиль = 2.212
00:15:25      GoToSettlement → Карбур = 1.011
00:15:25      GoToSettlement → Замок Устокол = 0.463
00:15:25      GoToSettlement → Корсия = 0.784
00:15:25      GoToSettlement → Жемянь = 0.619
00:15:25      GoToSettlement → Устокол = 0.478
00:15:25      GoToSettlement → Замок Флинтолг = 0.185
00:15:25      GoToSettlement → Флинтолг = 0.096
00:15:25    лучшее: GoToSettlement → Ревиль = 2.212
00:15:25    НОВАЯ ЦЕЛЬ #28: GoToSettlement → Ревиль (оценка 2.212)
00:15:25    после применения: поведение GoToSettlement; цель Ревиль; движется False
00:15:25  ПРИБЫЛИ в «Ревиль» (прибытие #28)
00:15:25    выход изнутри: к воротам → LeaveSettlement → Finish → Hold
00:15:25    ВЫШЛИ из «Ревиль» (подтверждённый выход #28)
00:15:25    время возобновлено (скорость 1): закрытие встречи ставит паузу
00:15:28  час: оценок 16; позиция у Ревиль ((CampaignVec2) X: 300.3447 Y: 583.3357 IsOnLand: True); текущее поведение Hold
00:15:28      GoToSettlement → Ревиль = 2.212
00:15:28      GoToSettlement → Карбур = 1.012
00:15:28      GoToSettlement → Замок Устокол = 0.464
00:15:28      GoToSettlement → Корсия = 0.786
00:15:28      GoToSettlement → Жемянь = 0.620
00:15:28      GoToSettlement → Устокол = 0.479
00:15:28      GoToSettlement → Замок Флинтолг = 0.185
00:15:28      GoToSettlement → Флинтолг = 0.110
00:15:28    лучшее: GoToSettlement → Ревиль = 2.212
00:15:28    НОВАЯ ЦЕЛЬ #29: GoToSettlement → Ревиль (оценка 2.212)
00:15:28    после применения: поведение GoToSettlement; цель Ревиль; движется False
00:15:29  ПРИБЫЛИ в «Ревиль» (прибытие #29)
00:15:29    выход изнутри: к воротам → LeaveSettlement → Finish → Hold
00:15:29    ВЫШЛИ из «Ревиль» (подтверждённый выход #29)
00:15:29    время возобновлено (скорость 1): закрытие встречи ставит паузу
00:15:32  час: оценок 16; позиция у Ревиль ((CampaignVec2) X: 300.3447 Y: 583.3357 IsOnLand: True); текущее поведение Hold
00:15:32      GoToSettlement → Ревиль = 2.212
00:15:32      GoToSettlement → Карбур = 1.014
00:15:32      GoToSettlement → Замок Устокол = 0.465
00:15:32      GoToSettlement → Корсия = 0.787
00:15:32      GoToSettlement → Жемянь = 0.621
00:15:32      GoToSettlement → Устокол = 0.480
00:15:32      GoToSettlement → Замок Флинтолг = 0.185
00:15:32      GoToSettlement → Флинтолг = 0.110
00:15:32    лучшее: GoToSettlement → Ревиль = 2.212
00:15:32    НОВАЯ ЦЕЛЬ #30: GoToSettlement → Ревиль (оценка 2.212)
00:15:32    после применения: поведение GoToSettlement; цель Ревиль; движется False
00:15:32  ПРИБЫЛИ в «Ревиль» (прибытие #30)
00:15:32    выход изнутри: к воротам → LeaveSettlement → Finish → Hold
00:15:32    ВЫШЛИ из «Ревиль» (подтверждённый выход #30)
00:15:32    время возобновлено (скорость 1): закрытие встречи ставит паузу
00:15:36  час: оценок 16; позиция у Ревиль ((CampaignVec2) X: 300.3447 Y: 583.3357 IsOnLand: True); текущее поведение Hold
00:15:36      GoToSettlement → Ревиль = 2.212
00:15:36      GoToSettlement → Карбур = 1.015
00:15:36      GoToSettlement → Замок Устокол = 0.466
00:15:36      GoToSettlement → Корсия = 0.789
00:15:36      GoToSettlement → Жемянь = 0.622
00:15:36      GoToSettlement → Устокол = 0.480
00:15:36      GoToSettlement → Замок Флинтолг = 0.185
00:15:36      GoToSettlement → Флинтолг = 0.110
00:15:36    лучшее: GoToSettlement → Ревиль = 2.212
00:15:36    НОВАЯ ЦЕЛЬ #31: GoToSettlement → Ревиль (оценка 2.212)
00:15:36    после применения: поведение GoToSettlement; цель Ревиль; движется False
00:15:36  ПРИБЫЛИ в «Ревиль» (прибытие #31)
00:15:36    выход изнутри: к воротам → LeaveSettlement → Finish → Hold
00:15:36    ВЫШЛИ из «Ревиль» (подтверждённый выход #31)
00:15:36    время возобновлено (скорость 1): закрытие встречи ставит паузу
00:15:39  час: оценок 16; позиция у Ревиль ((CampaignVec2) X: 300.3447 Y: 583.3357 IsOnLand: True); текущее поведение Hold
00:15:39      GoToSettlement → Ревиль = 2.200
00:15:39      GoToSettlement → Карбур = 1.017
00:15:39      GoToSettlement → Замок Устокол = 0.467
00:15:39      GoToSettlement → Корсия = 0.790
00:15:39      GoToSettlement → Жемянь = 0.624
00:15:39      GoToSettlement → Устокол = 0.482
00:15:39      GoToSettlement → Замок Флинтолг = 0.185
00:15:39      GoToSettlement → Флинтолг = 0.110
00:15:39    лучшее: GoToSettlement → Ревиль = 2.200
00:15:39    НОВАЯ ЦЕЛЬ #32: GoToSettlement → Ревиль (оценка 2.200)
00:15:39    после применения: поведение GoToSettlement; цель Ревиль; движется False
00:15:39  ПРИБЫЛИ в «Ревиль» (прибытие #32)
00:15:39    выход изнутри: к воротам → LeaveSettlement → Finish → Hold
00:15:39    ВЫШЛИ из «Ревиль» (подтверждённый выход #32)
00:15:39    время возобновлено (скорость 1): закрытие встречи ставит паузу
00:15:42  час: оценок 16; позиция у Ревиль ((CampaignVec2) X: 300.3447 Y: 583.3357 IsOnLand: True); текущее поведение Hold
00:15:42      GoToSettlement → Ревиль = 2.224
00:15:42      GoToSettlement → Карбур = 1.019
00:15:42      GoToSettlement → Замок Устокол = 0.468
00:15:42      GoToSettlement → Корсия = 0.791
00:15:42      GoToSettlement → Жемянь = 0.625
00:15:42      GoToSettlement → Устокол = 0.482
00:15:42      GoToSettlement → Замок Флинтолг = 0.185
00:15:42      GoToSettlement → Флинтолг = 0.110
00:15:42    лучшее: GoToSettlement → Ревиль = 2.224
00:15:42    НОВАЯ ЦЕЛЬ #33: GoToSettlement → Ревиль (оценка 2.224)
00:15:42    после применения: поведение GoToSettlement; цель Ревиль; движется False
00:15:43  ПРИБЫЛИ в «Ревиль» (прибытие #33)
00:15:43    выход изнутри: к воротам → LeaveSettlement → Finish → Hold
00:15:43    ВЫШЛИ из «Ревиль» (подтверждённый выход #33)
00:15:43    время возобновлено (скорость 1): закрытие встречи ставит паузу
00:15:46  час: оценок 16; позиция у Ревиль ((CampaignVec2) X: 300.3447 Y: 583.3357 IsOnLand: True); текущее поведение Hold
00:15:46      GoToSettlement → Ревиль = 2.212
00:15:46      GoToSettlement → Карбур = 1.020
00:15:46      GoToSettlement → Замок Устокол = 0.468
00:15:46      GoToSettlement → Корсия = 0.793
00:15:46      GoToSettlement → Жемянь = 0.626
00:15:46      GoToSettlement → Устокол = 0.483
00:15:46      GoToSettlement → Замок Флинтолг = 0.185
00:15:46      GoToSettlement → Флинтолг = 0.110
00:15:46    лучшее: GoToSettlement → Ревиль = 2.212
00:15:46    НОВАЯ ЦЕЛЬ #34: GoToSettlement → Ревиль (оценка 2.212)
00:15:46    после применения: поведение GoToSettlement; цель Ревиль; движется False
00:15:46  ПРИБЫЛИ в «Ревиль» (прибытие #34)
00:15:46    выход изнутри: к воротам → LeaveSettlement → Finish → Hold
00:15:46    ВЫШЛИ из «Ревиль» (подтверждённый выход #34)
00:15:46    время возобновлено (скорость 1): закрытие встречи ставит паузу
00:15:50  час: оценок 16; позиция у Ревиль ((CampaignVec2) X: 300.3447 Y: 583.3357 IsOnLand: True); текущее поведение Hold
00:15:50      GoToSettlement → Ревиль = 2.200
00:15:50      GoToSettlement → Карбур = 1.022
00:15:50      GoToSettlement → Замок Устокол = 0.470
00:15:50      GoToSettlement → Корсия = 0.794
00:15:50      GoToSettlement → Жемянь = 0.627
00:15:50      GoToSettlement → Устокол = 0.484
00:15:50      GoToSettlement → Замок Флинтолг = 0.185
00:15:50      GoToSettlement → Флинтолг = 0.110
00:15:50    лучшее: GoToSettlement → Ревиль = 2.200
00:15:50    НОВАЯ ЦЕЛЬ #35: GoToSettlement → Ревиль (оценка 2.200)
00:15:50    после применения: поведение GoToSettlement; цель Ревиль; движется False
00:15:50  ПРИБЫЛИ в «Ревиль» (прибытие #35)
00:15:50    выход изнутри: к воротам → LeaveSettlement → Finish → Hold
00:15:50    ВЫШЛИ из «Ревиль» (подтверждённый выход #35)
00:15:50    время возобновлено (скорость 1): закрытие встречи ставит паузу
00:15:53  час: оценок 16; позиция у Ревиль ((CampaignVec2) X: 300.3447 Y: 583.3357 IsOnLand: True); текущее поведение Hold
00:15:53      GoToSettlement → Ревиль = 2.224
00:15:53      GoToSettlement → Карбур = 1.024
00:15:53      GoToSettlement → Замок Устокол = 0.470
00:15:53      GoToSettlement → Корсия = 0.796
00:15:53      GoToSettlement → Жемянь = 0.628
00:15:53      GoToSettlement → Устокол = 0.485
00:15:53      GoToSettlement → Замок Флинтолг = 0.185
00:15:53      GoToSettlement → Флинтолг = 0.110
00:15:53    лучшее: GoToSettlement → Ревиль = 2.224
00:15:53    НОВАЯ ЦЕЛЬ #36: GoToSettlement → Ревиль (оценка 2.224)
00:15:53    после применения: поведение GoToSettlement; цель Ревиль; движется False
00:15:53  ПРИБЫЛИ в «Ревиль» (прибытие #36)
00:15:53    выход изнутри: к воротам → LeaveSettlement → Finish → Hold
00:15:53    ВЫШЛИ из «Ревиль» (подтверждённый выход #36)
00:15:53    время возобновлено (скорость 1): закрытие встречи ставит паузу
00:15:57  час: оценок 16; позиция у Ревиль ((CampaignVec2) X: 300.3447 Y: 583.3357 IsOnLand: True); текущее поведение Hold
00:15:57      GoToSettlement → Ревиль = 2.083
00:15:57      GoToSettlement → Карбур = 1.025
00:15:57      GoToSettlement → Замок Устокол = 0.471
00:15:57      GoToSettlement → Корсия = 0.797
00:15:57      GoToSettlement → Жемянь = 0.629
00:15:57      GoToSettlement → Устокол = 0.486
00:15:57      GoToSettlement → Замок Флинтолг = 0.185
00:15:57      GoToSettlement → Флинтолг = 0.110
00:15:57    лучшее: PatrolAroundPoint → Устокол = 2.191
00:15:57    НОВАЯ ЦЕЛЬ #37: PatrolAroundPoint → Устокол (оценка 2.191)
00:15:57    после применения: поведение PatrolAroundPoint; цель Устокол; движется False
00:16:00  час: оценок 16; позиция у Ревиль ((CampaignVec2) X: 298.416 Y: 584.8728 IsOnLand: True); текущее поведение PatrolAroundPoint
00:16:00      GoToSettlement → Ревиль = 3.409
00:16:00      GoToSettlement → Карбур = 1.527
00:16:00      GoToSettlement → Замок Устокол = 0.726
00:16:00      GoToSettlement → Корсия = 1.197
00:16:00      GoToSettlement → Жемянь = 0.976
00:16:00      GoToSettlement → Устокол = 0.748
00:16:00      GoToSettlement → Замок Флинтолг = 0.274
00:16:00      GoToSettlement → Флинтолг = 0.163
00:16:00    лучшее: GoToSettlement → Ревиль = 3.409
00:16:00    НОВАЯ ЦЕЛЬ #38: GoToSettlement → Ревиль (оценка 3.409)
00:16:00    после применения: поведение GoToSettlement; цель Ревиль; движется True
00:16:03  час: оценок 16; позиция у Ревиль ((CampaignVec2) X: 300.278 Y: 583.4792 IsOnLand: True); текущее поведение GoToSettlement
00:16:03      GoToSettlement → Ревиль = 5.030
00:16:03      GoToSettlement → Карбур = 1.543
00:16:03      GoToSettlement → Замок Устокол = 0.710
00:16:03      GoToSettlement → Корсия = 1.198
00:16:03      GoToSettlement → Жемянь = 0.949
00:16:03      GoToSettlement → Устокол = 0.733
00:16:03      GoToSettlement → Замок Флинтолг = 0.278
00:16:03      GoToSettlement → Флинтолг = 0.165
00:16:03    лучшее: GoToSettlement → Ревиль = 5.030
00:16:03    та же цель, приказ повторён (1-й раз): GoToSettlement → Ревиль (оценка 5.030)
00:16:03    после применения: поведение GoToSettlement; цель Ревиль; движется True
00:16:04  ПРИБЫЛИ в «Ревиль» (прибытие #37)
00:16:04    выход изнутри: к воротам → LeaveSettlement → Finish → Hold
00:16:04    ВЫШЛИ из «Ревиль» (подтверждённый выход #37)
00:16:04    время возобновлено (скорость 1): закрытие встречи ставит паузу
00:16:07  час: оценок 16; позиция у Ревиль ((CampaignVec2) X: 300.3447 Y: 583.3357 IsOnLand: True); текущее поведение Hold
00:16:07      GoToSettlement → Ревиль = 2.094
00:16:07      GoToSettlement → Карбур = 1.030
00:16:07      GoToSettlement → Замок Устокол = 0.474
00:16:07      GoToSettlement → Корсия = 0.801
00:16:07      GoToSettlement → Жемянь = 0.633
00:16:07      GoToSettlement → Устокол = 0.489
00:16:07      GoToSettlement → Замок Флинтолг = 0.185
00:16:07      GoToSettlement → Флинтолг = 0.110
00:16:07    лучшее: PatrolAroundPoint → Устокол = 2.191
00:16:07    НОВАЯ ЦЕЛЬ #39: PatrolAroundPoint → Устокол (оценка 2.191)
00:16:07    после применения: поведение PatrolAroundPoint; цель Устокол; движется False
00:16:10  час: оценок 16; позиция у Ревиль ((CampaignVec2) X: 298.4184 Y: 584.8723 IsOnLand: True); текущее поведение PatrolAroundPoint
00:16:10      GoToSettlement → Ревиль = 3.428
00:16:10      GoToSettlement → Карбур = 1.535
00:16:10      GoToSettlement → Замок Устокол = 0.730
00:16:10      GoToSettlement → Корсия = 1.203
00:16:10      GoToSettlement → Жемянь = 0.981
00:16:10      GoToSettlement → Устокол = 0.752
00:16:10      GoToSettlement → Замок Флинтолг = 0.274
00:16:10      GoToSettlement → Флинтолг = 0.163
00:16:10    лучшее: GoToSettlement → Ревиль = 3.428
00:16:10    НОВАЯ ЦЕЛЬ #40: GoToSettlement → Ревиль (оценка 3.428)
00:16:10    после применения: поведение GoToSettlement; цель Ревиль; движется True
00:16:14  час: оценок 16; позиция у Ревиль ((CampaignVec2) X: 300.2881 Y: 583.4573 IsOnLand: True); текущее поведение GoToSettlement
00:16:14      GoToSettlement → Ревиль = 5.058
00:16:14      GoToSettlement → Карбур = 1.550
00:16:14      GoToSettlement → Замок Устокол = 0.714
00:16:14      GoToSettlement → Корсия = 1.205
00:16:14      GoToSettlement → Жемянь = 0.954
00:16:14      GoToSettlement → Устокол = 0.737
00:16:14      GoToSettlement → Замок Флинтолг = 0.278
00:16:14      GoToSettlement → Флинтолг = 0.165
00:16:14    лучшее: GoToSettlement → Ревиль = 5.058
00:16:14    та же цель, приказ повторён (2-й раз): GoToSettlement → Ревиль (оценка 5.058)
00:16:14    после применения: поведение GoToSettlement; цель Ревиль; движется True
00:16:14  ПРИБЫЛИ в «Ревиль» (прибытие #38)
00:16:14    выход изнутри: к воротам → LeaveSettlement → Finish → Hold
00:16:14    ВЫШЛИ из «Ревиль» (подтверждённый выход #38)
00:16:14    время возобновлено (скорость 1): закрытие встречи ставит паузу
00:16:17  час: оценок 16; позиция у Ревиль ((CampaignVec2) X: 300.3447 Y: 583.3357 IsOnLand: True); текущее поведение Hold
00:16:17      GoToSettlement → Ревиль = 2.094
00:16:17      GoToSettlement → Карбур = 1.035
00:16:17      GoToSettlement → Замок Устокол = 0.476
00:16:17      GoToSettlement → Корсия = 0.805
00:16:17      GoToSettlement → Жемянь = 0.636
00:16:17      GoToSettlement → Устокол = 0.492
00:16:17      GoToSettlement → Замок Флинтолг = 0.185
00:16:17      GoToSettlement → Флинтолг = 0.096
00:16:17    лучшее: PatrolAroundPoint → Устокол = 2.178
00:16:17    НОВАЯ ЦЕЛЬ #41: PatrolAroundPoint → Устокол (оценка 2.178)
00:16:17    после применения: поведение PatrolAroundPoint; цель Устокол; движется False
00:16:20  час: оценок 16; позиция у Ревиль ((CampaignVec2) X: 298.5281 Y: 584.821 IsOnLand: True); текущее поведение PatrolAroundPoint
00:16:20      GoToSettlement → Ревиль = 4.471
00:16:20      GoToSettlement → Карбур = 1.544
00:16:20      GoToSettlement → Замок Устокол = 0.733
00:16:20      GoToSettlement → Корсия = 1.208
00:16:20      GoToSettlement → Жемянь = 0.984
00:16:20      GoToSettlement → Устокол = 0.755
00:16:20      GoToSettlement → Замок Флинтолг = 0.272
00:16:20      GoToSettlement → Флинтолг = 0.163
00:16:20    лучшее: GoToSettlement → Ревиль = 4.471
00:16:20    НОВАЯ ЦЕЛЬ #42: GoToSettlement → Ревиль (оценка 4.471)
00:16:20    после применения: поведение GoToSettlement; цель Ревиль; движется True
00:16:24  ПРИБЫЛИ в «Ревиль» (прибытие #39)
00:16:24    выход изнутри: к воротам → LeaveSettlement → Finish → Hold
00:16:24    ВЫШЛИ из «Ревиль» (подтверждённый выход #39)
00:16:24    время возобновлено (скорость 1): закрытие встречи ставит паузу
00:16:24  час: оценок 16; позиция у Ревиль ((CampaignVec2) X: 300.3447 Y: 583.3357 IsOnLand: True); текущее поведение Hold
00:16:24      GoToSettlement → Ревиль = 2.582
00:16:24      GoToSettlement → Карбур = 1.038
00:16:24      GoToSettlement → Замок Устокол = 0.478
00:16:24      GoToSettlement → Корсия = 0.808
00:16:24      GoToSettlement → Жемянь = 0.639
00:16:24      GoToSettlement → Устокол = 0.494
00:16:24      GoToSettlement → Замок Флинтолг = 0.184
00:16:24      GoToSettlement → Флинтолг = 0.110
00:16:24    лучшее: GoToSettlement → Ревиль = 2.582
00:16:24    НОВАЯ ЦЕЛЬ #43: GoToSettlement → Ревиль (оценка 2.582)
00:16:24    после применения: поведение GoToSettlement; цель Ревиль; движется False
00:16:24  ПРИБЫЛИ в «Ревиль» (прибытие #40)
00:16:24    выход изнутри: к воротам → LeaveSettlement → Finish → Hold
00:16:24    ВЫШЛИ из «Ревиль» (подтверждённый выход #40)
00:16:24    время возобновлено (скорость 1): закрытие встречи ставит паузу
00:16:28  час: оценок 16; позиция у Ревиль ((CampaignVec2) X: 300.3447 Y: 583.3357 IsOnLand: True); текущее поведение Hold
00:16:28      GoToSettlement → Ревиль = 2.419
00:16:28      GoToSettlement → Карбур = 1.040
00:16:28      GoToSettlement → Замок Устокол = 0.479
00:16:28      GoToSettlement → Корсия = 0.810
00:16:28      GoToSettlement → Жемянь = 0.640
00:16:28      GoToSettlement → Устокол = 0.495
00:16:28      GoToSettlement → Замок Флинтолг = 0.184
00:16:28      GoToSettlement → Флинтолг = 0.110
00:16:28    лучшее: GoToSettlement → Ревиль = 2.419
00:16:28    НОВАЯ ЦЕЛЬ #44: GoToSettlement → Ревиль (оценка 2.419)
00:16:28    после применения: поведение GoToSettlement; цель Ревиль; движется False
00:16:28  ПРИБЫЛИ в «Ревиль» (прибытие #41)
00:16:28    выход изнутри: к воротам → LeaveSettlement → Finish → Hold
00:16:28    ВЫШЛИ из «Ревиль» (подтверждённый выход #41)
00:16:28    время возобновлено (скорость 1): закрытие встречи ставит паузу
00:16:31  час: оценок 16; позиция у Ревиль ((CampaignVec2) X: 300.3447 Y: 583.3357 IsOnLand: True); текущее поведение Hold
00:16:31      GoToSettlement → Ревиль = 2.501
00:16:31      GoToSettlement → Карбур = 1.041
00:16:31      GoToSettlement → Замок Устокол = 0.480
00:16:31      GoToSettlement → Корсия = 0.811
00:16:31      GoToSettlement → Жемянь = 0.641
00:16:31      GoToSettlement → Устокол = 0.495
00:16:31      GoToSettlement → Замок Флинтолг = 0.183
00:16:31      GoToSettlement → Флинтолг = 0.088
00:16:31    лучшее: GoToSettlement → Ревиль = 2.501
00:16:31    НОВАЯ ЦЕЛЬ #45: GoToSettlement → Ревиль (оценка 2.501)
00:16:31    после применения: поведение GoToSettlement; цель Ревиль; движется False
00:16:31  ПРИБЫЛИ в «Ревиль» (прибытие #42)
00:16:31    выход изнутри: к воротам → LeaveSettlement → Finish → Hold
00:16:31    ВЫШЛИ из «Ревиль» (подтверждённый выход #42)
00:16:31    время возобновлено (скорость 1): закрытие встречи ставит паузу
00:16:35  час: оценок 16; позиция у Ревиль ((CampaignVec2) X: 300.3447 Y: 583.3357 IsOnLand: True); текущее поведение Hold
00:16:35      GoToSettlement → Ревиль = 2.488
00:16:35      GoToSettlement → Карбур = 1.043
00:16:35      GoToSettlement → Замок Устокол = 0.481
00:16:35      GoToSettlement → Корсия = 0.812
00:16:35      GoToSettlement → Жемянь = 0.642
00:16:35      GoToSettlement → Устокол = 0.496
00:16:35      GoToSettlement → Замок Флинтолг = 0.183
00:16:35      GoToSettlement → Флинтолг = 0.088
00:16:35    лучшее: GoToSettlement → Ревиль = 2.488
00:16:35    НОВАЯ ЦЕЛЬ #46: GoToSettlement → Ревиль (оценка 2.488)
00:16:35    после применения: поведение GoToSettlement; цель Ревиль; движется False
00:16:35  ПРИБЫЛИ в «Ревиль» (прибытие #43)
00:16:35    выход изнутри: к воротам → LeaveSettlement → Finish → Hold
00:16:35    ВЫШЛИ из «Ревиль» (подтверждённый выход #43)
00:16:35    время возобновлено (скорость 1): закрытие встречи ставит паузу
00:16:38  час: оценок 16; позиция у Ревиль ((CampaignVec2) X: 300.3447 Y: 583.3357 IsOnLand: True); текущее поведение Hold
00:16:38      GoToSettlement → Ревиль = 2.352
00:16:38      GoToSettlement → Карбур = 1.045
00:16:38      GoToSettlement → Замок Устокол = 0.482
00:16:38      GoToSettlement → Корсия = 0.814
00:16:38      GoToSettlement → Жемянь = 0.643
00:16:38      GoToSettlement → Устокол = 0.498
00:16:38      GoToSettlement → Замок Флинтолг = 0.183
00:16:38      GoToSettlement → Флинтолг = 0.133
00:16:38    лучшее: GoToSettlement → Ревиль = 2.352
00:16:38    НОВАЯ ЦЕЛЬ #47: GoToSettlement → Ревиль (оценка 2.352)
00:16:38    после применения: поведение GoToSettlement; цель Ревиль; движется False
00:16:38  ПРИБЫЛИ в «Ревиль» (прибытие #44)
00:16:38    выход изнутри: к воротам → LeaveSettlement → Finish → Hold
00:16:38    ВЫШЛИ из «Ревиль» (подтверждённый выход #44)
00:16:38    время возобновлено (скорость 1): закрытие встречи ставит паузу
00:16:42  час: оценок 16; позиция у Ревиль ((CampaignVec2) X: 300.3447 Y: 583.3357 IsOnLand: True); текущее поведение Hold
00:16:42      GoToSettlement → Ревиль = 2.377
00:16:42      GoToSettlement → Карбур = 1.046
00:16:42      GoToSettlement → Замок Устокол = 0.482
00:16:42      GoToSettlement → Корсия = 0.815
00:16:42      GoToSettlement → Жемянь = 0.644
00:16:42      GoToSettlement → Устокол = 0.498
00:16:42      GoToSettlement → Замок Флинтолг = 0.183
00:16:42      GoToSettlement → Флинтолг = 0.133
00:16:42    лучшее: GoToSettlement → Ревиль = 2.377
00:16:42    НОВАЯ ЦЕЛЬ #48: GoToSettlement → Ревиль (оценка 2.377)
00:16:42    после применения: поведение GoToSettlement; цель Ревиль; движется False
00:16:42  ПРИБЫЛИ в «Ревиль» (прибытие #45)
00:16:42    выход изнутри: к воротам → LeaveSettlement → Finish → Hold
00:16:42    ВЫШЛИ из «Ревиль» (подтверждённый выход #45)
00:16:42    время возобновлено (скорость 1): закрытие встречи ставит паузу
00:16:45  час: оценок 16; позиция у Ревиль ((CampaignVec2) X: 300.3447 Y: 583.3357 IsOnLand: True); текущее поведение Hold
00:16:45      GoToSettlement → Ревиль = 2.364
00:16:45      GoToSettlement → Карбур = 1.048
00:16:45      GoToSettlement → Замок Устокол = 0.483
00:16:45      GoToSettlement → Корсия = 0.816
00:16:45      GoToSettlement → Жемянь = 0.646
00:16:45      GoToSettlement → Устокол = 0.445
00:16:45      GoToSettlement → Замок Флинтолг = 0.183
00:16:45      GoToSettlement → Флинтолг = 0.133
00:16:45    лучшее: GoToSettlement → Ревиль = 2.364
00:16:45    НОВАЯ ЦЕЛЬ #49: GoToSettlement → Ревиль (оценка 2.364)
00:16:45    после применения: поведение GoToSettlement; цель Ревиль; движется False
00:16:46  ПРИБЫЛИ в «Ревиль» (прибытие #46)
00:16:46    выход изнутри: к воротам → LeaveSettlement → Finish → Hold
00:16:46    ВЫШЛИ из «Ревиль» (подтверждённый выход #46)
00:16:46    время возобновлено (скорость 1): закрытие встречи ставит паузу
00:16:49  час: оценок 16; позиция у Ревиль ((CampaignVec2) X: 300.3447 Y: 583.3357 IsOnLand: True); текущее поведение Hold
00:16:49      GoToSettlement → Ревиль = 2.352
00:16:49      GoToSettlement → Карбур = 1.050
00:16:49      GoToSettlement → Замок Устокол = 0.484
00:16:49      GoToSettlement → Корсия = 0.818
00:16:49      GoToSettlement → Жемянь = 0.647
00:16:49      GoToSettlement → Устокол = 0.434
00:16:49      GoToSettlement → Замок Флинтолг = 0.183
00:16:49      GoToSettlement → Флинтолг = 0.133
00:16:49    лучшее: GoToSettlement → Ревиль = 2.352
00:16:49    НОВАЯ ЦЕЛЬ #50: GoToSettlement → Ревиль (оценка 2.352)
00:16:49    после применения: поведение GoToSettlement; цель Ревиль; движется False
00:16:49  ПРИБЫЛИ в «Ревиль» (прибытие #47)
00:16:49    выход изнутри: к воротам → LeaveSettlement → Finish → Hold
00:16:49    ВЫШЛИ из «Ревиль» (подтверждённый выход #47)
00:16:49    время возобновлено (скорость 1): закрытие встречи ставит паузу
00:16:52  час: оценок 16; позиция у Ревиль ((CampaignVec2) X: 300.3447 Y: 583.3357 IsOnLand: True); текущее поведение Hold
00:16:52      GoToSettlement → Ревиль = 2.377
00:16:52      GoToSettlement → Карбур = 1.051
00:16:52      GoToSettlement → Замок Устокол = 0.485
00:16:52      GoToSettlement → Корсия = 0.819
00:16:52      GoToSettlement → Жемянь = 0.648
00:16:52      GoToSettlement → Устокол = 0.434
00:16:52      GoToSettlement → Замок Флинтолг = 0.183
00:16:52      GoToSettlement → Флинтолг = 0.133
00:16:52    лучшее: GoToSettlement → Ревиль = 2.377
00:16:52    НОВАЯ ЦЕЛЬ #51: GoToSettlement → Ревиль (оценка 2.377)
00:16:52    после применения: поведение GoToSettlement; цель Ревиль; движется False
00:16:53  ПРИБЫЛИ в «Ревиль» (прибытие #48)
00:16:53    выход изнутри: к воротам → LeaveSettlement → Finish → Hold
00:16:53    ВЫШЛИ из «Ревиль» (подтверждённый выход #48)
00:16:53    время возобновлено (скорость 1): закрытие встречи ставит паузу
00:16:56  час: оценок 16; позиция у Ревиль ((CampaignVec2) X: 300.3447 Y: 583.3357 IsOnLand: True); текущее поведение Hold
00:16:56      GoToSettlement → Ревиль = 2.364
00:16:56      GoToSettlement → Карбур = 1.053
00:16:56      GoToSettlement → Замок Устокол = 0.486
00:16:56      GoToSettlement → Корсия = 0.820
00:16:56      GoToSettlement → Жемянь = 0.649
00:16:56      GoToSettlement → Устокол = 0.435
00:16:56      GoToSettlement → Замок Флинтолг = 0.183
00:16:56      GoToSettlement → Флинтолг = 0.088
00:16:56    лучшее: GoToSettlement → Ревиль = 2.364
00:16:56    НОВАЯ ЦЕЛЬ #52: GoToSettlement → Ревиль (оценка 2.364)
00:16:56    после применения: поведение GoToSettlement; цель Ревиль; движется False
00:16:56  ПРИБЫЛИ в «Ревиль» (прибытие #49)
00:16:56    выход изнутри: к воротам → LeaveSettlement → Finish → Hold
00:16:56    ВЫШЛИ из «Ревиль» (подтверждённый выход #49)
00:16:56    время возобновлено (скорость 1): закрытие встречи ставит паузу
00:16:59  час: оценок 16; позиция у Ревиль ((CampaignVec2) X: 300.3447 Y: 583.3357 IsOnLand: True); текущее поведение Hold
00:16:59      GoToSettlement → Ревиль = 2.352
00:16:59      GoToSettlement → Карбур = 1.055
00:16:59      GoToSettlement → Замок Устокол = 0.487
00:16:59      GoToSettlement → Корсия = 0.822
00:16:59      GoToSettlement → Жемянь = 0.650
00:16:59      GoToSettlement → Устокол = 0.436
00:16:59      GoToSettlement → Замок Флинтолг = 0.183
00:16:59      GoToSettlement → Флинтолг = 0.112
00:16:59    лучшее: GoToSettlement → Ревиль = 2.352
00:16:59    НОВАЯ ЦЕЛЬ #53: GoToSettlement → Ревиль (оценка 2.352)
00:16:59    после применения: поведение GoToSettlement; цель Ревиль; движется False
00:17:00  ПРИБЫЛИ в «Ревиль» (прибытие #50)
00:17:00    выход изнутри: к воротам → LeaveSettlement → Finish → Hold
00:17:00    ВЫШЛИ из «Ревиль» (подтверждённый выход #50)
00:17:00    время возобновлено (скорость 1): закрытие встречи ставит паузу
00:17:03  час: оценок 16; позиция у Ревиль ((CampaignVec2) X: 300.3447 Y: 583.3357 IsOnLand: True); текущее поведение Hold
00:17:03      GoToSettlement → Ревиль = 2.377
00:17:03      GoToSettlement → Карбур = 1.056
00:17:03      GoToSettlement → Замок Устокол = 0.487
00:17:03      GoToSettlement → Корсия = 0.823
00:17:03      GoToSettlement → Жемянь = 0.651
00:17:03      GoToSettlement → Устокол = 0.437
00:17:03      GoToSettlement → Замок Флинтолг = 0.183
00:17:03      GoToSettlement → Флинтолг = 0.112
00:17:03    лучшее: GoToSettlement → Ревиль = 2.377
00:17:03    НОВАЯ ЦЕЛЬ #54: GoToSettlement → Ревиль (оценка 2.377)
00:17:03    после применения: поведение GoToSettlement; цель Ревиль; движется False
00:17:03  ПРИБЫЛИ в «Ревиль» (прибытие #51)
00:17:03    выход изнутри: к воротам → LeaveSettlement → Finish → Hold
00:17:03    ВЫШЛИ из «Ревиль» (подтверждённый выход #51)
00:17:03    время возобновлено (скорость 1): закрытие встречи ставит паузу
00:17:07  час: оценок 16; позиция у Ревиль ((CampaignVec2) X: 300.3447 Y: 583.3357 IsOnLand: True); текущее поведение Hold
00:17:07      GoToSettlement → Ревиль = 2.364
00:17:07      GoToSettlement → Карбур = 1.058
00:17:07      GoToSettlement → Замок Устокол = 0.488
00:17:07      GoToSettlement → Корсия = 0.825
00:17:07      GoToSettlement → Жемянь = 0.652
00:17:07      GoToSettlement → Устокол = 0.437
00:17:07      GoToSettlement → Замок Флинтолг = 0.183
00:17:07      GoToSettlement → Флинтолг = 0.112
00:17:07    лучшее: GoToSettlement → Ревиль = 2.364
00:17:07    НОВАЯ ЦЕЛЬ #55: GoToSettlement → Ревиль (оценка 2.364)
00:17:07    после применения: поведение GoToSettlement; цель Ревиль; движется False
00:17:07  ПРИБЫЛИ в «Ревиль» (прибытие #52)
00:17:07    выход изнутри: к воротам → LeaveSettlement → Finish → Hold
00:17:07    ВЫШЛИ из «Ревиль» (подтверждённый выход #52)
00:17:07    время возобновлено (скорость 1): закрытие встречи ставит паузу
00:17:10  час: оценок 16; позиция у Ревиль ((CampaignVec2) X: 300.3447 Y: 583.3357 IsOnLand: True); текущее поведение Hold
00:17:10      GoToSettlement → Ревиль = 2.364
00:17:10      GoToSettlement → Карбур = 1.059
00:17:10      GoToSettlement → Замок Устокол = 0.489
00:17:10      GoToSettlement → Корсия = 0.826
00:17:10      GoToSettlement → Жемянь = 0.654
00:17:10      GoToSettlement → Устокол = 0.438
00:17:10      GoToSettlement → Замок Флинтолг = 0.183
00:17:10      GoToSettlement → Флинтолг = 0.112
00:17:10    лучшее: GoToSettlement → Ревиль = 2.364
00:17:10    НОВАЯ ЦЕЛЬ #56: GoToSettlement → Ревиль (оценка 2.364)
00:17:10    после применения: поведение GoToSettlement; цель Ревиль; движется False
00:17:10  ПРИБЫЛИ в «Ревиль» (прибытие #53)
00:17:10    выход изнутри: к воротам → LeaveSettlement → Finish → Hold
00:17:10    ВЫШЛИ из «Ревиль» (подтверждённый выход #53)
00:17:10    время возобновлено (скорость 1): закрытие встречи ставит паузу
00:17:13  час: оценок 16; позиция у Ревиль ((CampaignVec2) X: 300.3447 Y: 583.3357 IsOnLand: True); текущее поведение Hold
00:17:13      GoToSettlement → Ревиль = 2.364
00:17:13      GoToSettlement → Карбур = 1.061
00:17:13      GoToSettlement → Замок Устокол = 0.490
00:17:13      GoToSettlement → Корсия = 0.827
00:17:13      GoToSettlement → Жемянь = 0.655
00:17:13      GoToSettlement → Устокол = 0.439
00:17:13      GoToSettlement → Замок Флинтолг = 0.183
00:17:13      GoToSettlement → Флинтолг = 0.112
00:17:13    лучшее: GoToSettlement → Ревиль = 2.364
00:17:13    НОВАЯ ЦЕЛЬ #57: GoToSettlement → Ревиль (оценка 2.364)
00:17:13    после применения: поведение GoToSettlement; цель Ревиль; движется False
00:17:14  ПРИБЫЛИ в «Ревиль» (прибытие #54)
00:17:14    выход изнутри: к воротам → LeaveSettlement → Finish → Hold
00:17:14    ВЫШЛИ из «Ревиль» (подтверждённый выход #54)
00:17:14    время возобновлено (скорость 1): закрытие встречи ставит паузу
00:17:17  час: оценок 16; позиция у Ревиль ((CampaignVec2) X: 300.3447 Y: 583.3357 IsOnLand: True); текущее поведение Hold
00:17:17      GoToSettlement → Ревиль = 2.364
00:17:17      GoToSettlement → Карбур = 1.063
00:17:17      GoToSettlement → Замок Устокол = 0.491
00:17:17      GoToSettlement → Корсия = 0.829
00:17:17      GoToSettlement → Жемянь = 0.656
00:17:17      GoToSettlement → Устокол = 0.440
00:17:17      GoToSettlement → Замок Флинтолг = 0.183
00:17:17      GoToSettlement → Флинтолг = 0.112
00:17:17    лучшее: GoToSettlement → Ревиль = 2.364
00:17:17    НОВАЯ ЦЕЛЬ #58: GoToSettlement → Ревиль (оценка 2.364)
00:17:17    после применения: поведение GoToSettlement; цель Ревиль; движется False
00:17:17  ПРИБЫЛИ в «Ревиль» (прибытие #55)
00:17:17    выход изнутри: к воротам → LeaveSettlement → Finish → Hold
00:17:17    ВЫШЛИ из «Ревиль» (подтверждённый выход #55)
00:17:17    время возобновлено (скорость 1): закрытие встречи ставит паузу
00:17:21  час: оценок 16; позиция у Ревиль ((CampaignVec2) X: 300.3447 Y: 583.3357 IsOnLand: True); текущее поведение Hold
00:17:21      GoToSettlement → Ревиль = 2.352
00:17:21      GoToSettlement → Карбур = 1.065
00:17:21      GoToSettlement → Замок Устокол = 0.492
00:17:21      GoToSettlement → Корсия = 0.830
00:17:21      GoToSettlement → Жемянь = 0.657
00:17:21      GoToSettlement → Устокол = 0.441
00:17:21      GoToSettlement → Замок Флинтолг = 0.183
00:17:21      GoToSettlement → Флинтолг = 0.112
00:17:21    лучшее: GoToSettlement → Ревиль = 2.352
00:17:21    НОВАЯ ЦЕЛЬ #59: GoToSettlement → Ревиль (оценка 2.352)
00:17:21    после применения: поведение GoToSettlement; цель Ревиль; движется False
00:17:21  ПРИБЫЛИ в «Ревиль» (прибытие #56)
00:17:21    выход изнутри: к воротам → LeaveSettlement → Finish → Hold
00:17:21    ВЫШЛИ из «Ревиль» (подтверждённый выход #56)
00:17:21    время возобновлено (скорость 1): закрытие встречи ставит паузу
00:17:24  час: оценок 16; позиция у Ревиль ((CampaignVec2) X: 300.3447 Y: 583.3357 IsOnLand: True); текущее поведение Hold
00:17:24      GoToSettlement → Ревиль = 2.377
00:17:24      GoToSettlement → Карбур = 1.066
00:17:24      GoToSettlement → Замок Устокол = 0.493
00:17:24      GoToSettlement → Корсия = 0.832
00:17:24      GoToSettlement → Жемянь = 0.658
00:17:24      GoToSettlement → Устокол = 0.442
00:17:24      GoToSettlement → Замок Флинтолг = 0.183
00:17:24      GoToSettlement → Флинтолг = 0.112
00:17:24    лучшее: GoToSettlement → Ревиль = 2.377
00:17:24    НОВАЯ ЦЕЛЬ #60: GoToSettlement → Ревиль (оценка 2.377)
00:17:24    после применения: поведение GoToSettlement; цель Ревиль; движется False
00:17:24  ПРИБЫЛИ в «Ревиль» (прибытие #57)
00:17:24    выход изнутри: к воротам → LeaveSettlement → Finish → Hold
00:17:24    ВЫШЛИ из «Ревиль» (подтверждённый выход #57)
00:17:24    время возобновлено (скорость 1): закрытие встречи ставит паузу
00:17:28  час: оценок 16; позиция у Ревиль ((CampaignVec2) X: 300.3447 Y: 583.3357 IsOnLand: True); текущее поведение Hold
00:17:28      GoToSettlement → Ревиль = 2.364
00:17:28      GoToSettlement → Карбур = 1.067
00:17:28      GoToSettlement → Замок Устокол = 0.493
00:17:28      GoToSettlement → Корсия = 0.833
00:17:28      GoToSettlement → Жемянь = 0.659
00:17:28      GoToSettlement → Устокол = 0.442
00:17:28      GoToSettlement → Замок Флинтолг = 0.183
00:17:28      GoToSettlement → Флинтолг = 0.112
00:17:28    лучшее: GoToSettlement → Ревиль = 2.364
00:17:28    НОВАЯ ЦЕЛЬ #61: GoToSettlement → Ревиль (оценка 2.364)
00:17:28    после применения: поведение GoToSettlement; цель Ревиль; движется False
00:17:28  ПРИБЫЛИ в «Ревиль» (прибытие #58)
00:17:28    выход изнутри: к воротам → LeaveSettlement → Finish → Hold
00:17:28    ВЫШЛИ из «Ревиль» (подтверждённый выход #58)
00:17:28    время возобновлено (скорость 1): закрытие встречи ставит паузу
00:17:31  час: оценок 16; позиция у Ревиль ((CampaignVec2) X: 300.3447 Y: 583.3357 IsOnLand: True); текущее поведение Hold
00:17:31      GoToSettlement → Ревиль = 2.352
00:17:31      GoToSettlement → Карбур = 1.069
00:17:31      GoToSettlement → Замок Устокол = 0.494
00:17:31      GoToSettlement → Корсия = 0.835
00:17:31      GoToSettlement → Жемянь = 0.661
00:17:31      GoToSettlement → Устокол = 0.443
00:17:31      GoToSettlement → Замок Флинтолг = 0.183
00:17:31      GoToSettlement → Флинтолг = 0.112
00:17:31    лучшее: GoToSettlement → Ревиль = 2.352
00:17:31    НОВАЯ ЦЕЛЬ #62: GoToSettlement → Ревиль (оценка 2.352)
00:17:31    после применения: поведение GoToSettlement; цель Ревиль; движется False
00:17:31  ПРИБЫЛИ в «Ревиль» (прибытие #59)
00:17:31    выход изнутри: к воротам → LeaveSettlement → Finish → Hold
00:17:31    ВЫШЛИ из «Ревиль» (подтверждённый выход #59)
00:17:31    время возобновлено (скорость 1): закрытие встречи ставит паузу
00:17:35  час: оценок 16; позиция у Ревиль ((CampaignVec2) X: 300.3447 Y: 583.3357 IsOnLand: True); текущее поведение Hold
00:17:35      GoToSettlement → Ревиль = 2.377
00:17:35      GoToSettlement → Карбур = 1.071
00:17:35      GoToSettlement → Замок Устокол = 0.495
00:17:35      GoToSettlement → Корсия = 0.836
00:17:35      GoToSettlement → Жемянь = 0.662
00:17:35      GoToSettlement → Устокол = 0.444
00:17:35      GoToSettlement → Замок Флинтолг = 0.183
00:17:35      GoToSettlement → Флинтолг = 0.112
00:17:35    лучшее: GoToSettlement → Ревиль = 2.377
00:17:35    НОВАЯ ЦЕЛЬ #63: GoToSettlement → Ревиль (оценка 2.377)
00:17:35    после применения: поведение GoToSettlement; цель Ревиль; движется False
00:17:35  ПРИБЫЛИ в «Ревиль» (прибытие #60)
00:17:35    выход изнутри: к воротам → LeaveSettlement → Finish → Hold
00:17:35    ВЫШЛИ из «Ревиль» (подтверждённый выход #60)
00:17:35    время возобновлено (скорость 1): закрытие встречи ставит паузу
00:17:38  час: оценок 16; позиция у Ревиль ((CampaignVec2) X: 300.3447 Y: 583.3357 IsOnLand: True); текущее поведение Hold
00:17:38      GoToSettlement → Ревиль = 2.364
00:17:38      GoToSettlement → Карбур = 1.072
00:17:38      GoToSettlement → Замок Устокол = 0.496
00:17:38      GoToSettlement → Корсия = 0.837
00:17:38      GoToSettlement → Жемянь = 0.663
00:17:38      GoToSettlement → Устокол = 0.445
00:17:38      GoToSettlement → Замок Флинтолг = 0.183
00:17:38      GoToSettlement → Флинтолг = 0.112
00:17:38    лучшее: GoToSettlement → Ревиль = 2.364
00:17:38    НОВАЯ ЦЕЛЬ #64: GoToSettlement → Ревиль (оценка 2.364)
00:17:38    после применения: поведение GoToSettlement; цель Ревиль; движется False
00:17:38  ПРИБЫЛИ в «Ревиль» (прибытие #61)
00:17:38    выход изнутри: к воротам → LeaveSettlement → Finish → Hold
00:17:38    ВЫШЛИ из «Ревиль» (подтверждённый выход #61)
00:17:38    время возобновлено (скорость 1): закрытие встречи ставит паузу
00:17:42  час: оценок 16; позиция у Ревиль ((CampaignVec2) X: 300.3447 Y: 583.3357 IsOnLand: True); текущее поведение Hold
00:17:42      GoToSettlement → Ревиль = 2.352
00:17:42      GoToSettlement → Карбур = 1.074
00:17:42      GoToSettlement → Замок Устокол = 0.497
00:17:42      GoToSettlement → Корсия = 0.839
00:17:42      GoToSettlement → Жемянь = 0.664
00:17:42      GoToSettlement → Устокол = 0.446
00:17:42      GoToSettlement → Замок Флинтолг = 0.183
00:17:42      GoToSettlement → Флинтолг = 0.112
00:17:42    лучшее: GoToSettlement → Ревиль = 2.352
00:17:42    НОВАЯ ЦЕЛЬ #65: GoToSettlement → Ревиль (оценка 2.352)
00:17:42    после применения: поведение GoToSettlement; цель Ревиль; движется False
00:17:42  ПРИБЫЛИ в «Ревиль» (прибытие #62)
00:17:42    выход изнутри: к воротам → LeaveSettlement → Finish → Hold
00:17:42    ВЫШЛИ из «Ревиль» (подтверждённый выход #62)
00:17:42    время возобновлено (скорость 1): закрытие встречи ставит паузу
00:17:45  час: оценок 16; позиция у Ревиль ((CampaignVec2) X: 300.3447 Y: 583.3357 IsOnLand: True); текущее поведение Hold
00:17:45      GoToSettlement → Ревиль = 3.216
00:17:45      GoToSettlement → Карбур = 1.110
00:17:45      GoToSettlement → Замок Устокол = 0.498
00:17:45      GoToSettlement → Корсия = 0.840
00:17:45      GoToSettlement → Жемянь = 0.665
00:17:45      GoToSettlement → Устокол = 0.515
00:17:45      GoToSettlement → Замок Флинтолг = 0.184
00:17:45      GoToSettlement → Флинтолг = 0.112
00:17:45    лучшее: GoToSettlement → Ревиль = 3.216
00:17:45    НОВАЯ ЦЕЛЬ #66: GoToSettlement → Ревиль (оценка 3.216)
00:17:45    после применения: поведение GoToSettlement; цель Ревиль; движется False
00:17:45  ПРИБЫЛИ в «Ревиль» (прибытие #63)
00:17:45    выход изнутри: к воротам → LeaveSettlement → Finish → Hold
00:17:45    ВЫШЛИ из «Ревиль» (подтверждённый выход #63)
00:17:45    время возобновлено (скорость 1): закрытие встречи ставит паузу
00:17:49  час: оценок 16; позиция у Ревиль ((CampaignVec2) X: 300.3447 Y: 583.3357 IsOnLand: True); текущее поведение Hold
00:17:49      GoToSettlement → Ревиль = 3.199
00:17:49      GoToSettlement → Карбур = 1.112
00:17:49      GoToSettlement → Замок Устокол = 0.499
00:17:49      GoToSettlement → Корсия = 0.841
00:17:49      GoToSettlement → Жемянь = 0.666
00:17:49      GoToSettlement → Устокол = 0.460
00:17:49      GoToSettlement → Замок Флинтолг = 0.189
00:17:49      GoToSettlement → Флинтолг = 0.112
00:17:49    лучшее: GoToSettlement → Ревиль = 3.199
00:17:49    НОВАЯ ЦЕЛЬ #67: GoToSettlement → Ревиль (оценка 3.199)
00:17:49    после применения: поведение GoToSettlement; цель Ревиль; движется False
00:17:49  ПРИБЫЛИ в «Ревиль» (прибытие #64)
00:17:49    выход изнутри: к воротам → LeaveSettlement → Finish → Hold
00:17:49    ВЫШЛИ из «Ревиль» (подтверждённый выход #64)
00:17:49    время возобновлено (скорость 1): закрытие встречи ставит паузу
00:17:52  час: оценок 16; позиция у Ревиль ((CampaignVec2) X: 300.3447 Y: 583.3357 IsOnLand: True); текущее поведение Hold
00:17:52      GoToSettlement → Ревиль = 3.199
00:17:52      GoToSettlement → Карбур = 1.113
00:17:52      GoToSettlement → Замок Устокол = 0.499
00:17:52      GoToSettlement → Корсия = 0.843
00:17:52      GoToSettlement → Жемянь = 0.668
00:17:52      GoToSettlement → Устокол = 0.461
00:17:52      GoToSettlement → Замок Флинтолг = 0.189
00:17:52      GoToSettlement → Флинтолг = 0.112
00:17:52    лучшее: GoToSettlement → Ревиль = 3.199
00:17:52    НОВАЯ ЦЕЛЬ #68: GoToSettlement → Ревиль (оценка 3.199)
00:17:52    после применения: поведение GoToSettlement; цель Ревиль; движется False
00:17:52  ПРИБЫЛИ в «Ревиль» (прибытие #65)
00:17:52    выход изнутри: к воротам → LeaveSettlement → Finish → Hold
00:17:52    ВЫШЛИ из «Ревиль» (подтверждённый выход #65)
00:17:52    время возобновлено (скорость 1): закрытие встречи ставит паузу
00:17:56  час: оценок 16; позиция у Ревиль ((CampaignVec2) X: 300.3447 Y: 583.3357 IsOnLand: True); текущее поведение Hold
00:17:56      GoToSettlement → Ревиль = 3.400
00:17:56      GoToSettlement → Карбур = 1.115
00:17:56      GoToSettlement → Замок Устокол = 0.500
00:17:56      GoToSettlement → Корсия = 0.844
00:17:56      GoToSettlement → Жемянь = 0.669
00:17:56      GoToSettlement → Устокол = 0.462
00:17:56      GoToSettlement → Замок Флинтолг = 0.188
00:17:56      GoToSettlement → Флинтолг = 0.112
00:17:56    лучшее: GoToSettlement → Ревиль = 3.400
00:17:56    НОВАЯ ЦЕЛЬ #69: GoToSettlement → Ревиль (оценка 3.400)
00:17:56    после применения: поведение GoToSettlement; цель Ревиль; движется False
00:17:56  ПРИБЫЛИ в «Ревиль» (прибытие #66)
00:17:56    выход изнутри: к воротам → LeaveSettlement → Finish → Hold
00:17:56    ВЫШЛИ из «Ревиль» (подтверждённый выход #66)
00:17:56    время возобновлено (скорость 1): закрытие встречи ставит паузу
00:17:59  час: оценок 16; позиция у Ревиль ((CampaignVec2) X: 300.3447 Y: 583.3357 IsOnLand: True); текущее поведение Hold
00:17:59      GoToSettlement → Ревиль = 3.400
00:17:59      GoToSettlement → Карбур = 1.117
00:17:59      GoToSettlement → Замок Устокол = 0.501
00:17:59      GoToSettlement → Корсия = 0.845
00:17:59      GoToSettlement → Жемянь = 0.670
00:17:59      GoToSettlement → Устокол = 0.463
00:17:59      GoToSettlement → Замок Флинтолг = 0.188
00:17:59      GoToSettlement → Флинтолг = 0.112
00:17:59    лучшее: GoToSettlement → Ревиль = 3.400
00:17:59    НОВАЯ ЦЕЛЬ #70: GoToSettlement → Ревиль (оценка 3.400)
00:17:59    после применения: поведение GoToSettlement; цель Ревиль; движется False
00:17:59  ПРИБЫЛИ в «Ревиль» (прибытие #67)
00:17:59    выход изнутри: к воротам → LeaveSettlement → Finish → Hold
00:17:59    ВЫШЛИ из «Ревиль» (подтверждённый выход #67)
00:17:59    время возобновлено (скорость 1): закрытие встречи ставит паузу
00:18:03  час: оценок 16; позиция у Ревиль ((CampaignVec2) X: 300.3447 Y: 583.3357 IsOnLand: True); текущее поведение Hold
00:18:03      GoToSettlement → Ревиль = 3.400
00:18:03      GoToSettlement → Карбур = 1.118
00:18:03      GoToSettlement → Замок Устокол = 0.502
00:18:03      GoToSettlement → Корсия = 0.847
00:18:03      GoToSettlement → Жемянь = 0.671
00:18:03      GoToSettlement → Устокол = 0.434
00:18:03      GoToSettlement → Замок Флинтолг = 0.188
00:18:03      GoToSettlement → Флинтолг = 0.173
00:18:03    лучшее: GoToSettlement → Ревиль = 3.400
00:18:03    НОВАЯ ЦЕЛЬ #71: GoToSettlement → Ревиль (оценка 3.400)
00:18:03    после применения: поведение GoToSettlement; цель Ревиль; движется False
00:18:03  ПРИБЫЛИ в «Ревиль» (прибытие #68)
00:18:03    выход изнутри: к воротам → LeaveSettlement → Finish → Hold
00:18:03    ВЫШЛИ из «Ревиль» (подтверждённый выход #68)
00:18:03    время возобновлено (скорость 1): закрытие встречи ставит паузу
00:18:06  час: оценок 16; позиция у Ревиль ((CampaignVec2) X: 300.3447 Y: 583.3357 IsOnLand: True); текущее поведение Hold
00:18:06      GoToSettlement → Ревиль = 3.400
00:18:06      GoToSettlement → Карбур = 1.120
00:18:06      GoToSettlement → Замок Устокол = 0.503
00:18:06      GoToSettlement → Корсия = 0.848
00:18:06      GoToSettlement → Жемянь = 0.672
00:18:06      GoToSettlement → Устокол = 0.434
00:18:06      GoToSettlement → Замок Флинтолг = 0.188
00:18:06      GoToSettlement → Флинтолг = 0.173
00:18:06    лучшее: GoToSettlement → Ревиль = 3.400
00:18:06    НОВАЯ ЦЕЛЬ #72: GoToSettlement → Ревиль (оценка 3.400)
00:18:06    после применения: поведение GoToSettlement; цель Ревиль; движется False
00:18:07  ПРИБЫЛИ в «Ревиль» (прибытие #69)
00:18:07    выход изнутри: к воротам → LeaveSettlement → Finish → Hold
00:18:07    ВЫШЛИ из «Ревиль» (подтверждённый выход #69)
00:18:07    время возобновлено (скорость 1): закрытие встречи ставит паузу
00:18:10  час: оценок 16; позиция у Ревиль ((CampaignVec2) X: 300.3447 Y: 583.3357 IsOnLand: True); текущее поведение Hold
00:18:10      GoToSettlement → Ревиль = 3.382
00:18:10      GoToSettlement → Карбур = 1.122
00:18:10      GoToSettlement → Замок Устокол = 0.504
00:18:10      GoToSettlement → Корсия = 0.850
00:18:10      GoToSettlement → Жемянь = 0.674
00:18:10      GoToSettlement → Устокол = 0.435
00:18:10      GoToSettlement → Замок Флинтолг = 0.188
00:18:10      GoToSettlement → Флинтолг = 0.173
00:18:10    лучшее: GoToSettlement → Ревиль = 3.382
00:18:10    НОВАЯ ЦЕЛЬ #73: GoToSettlement → Ревиль (оценка 3.382)
00:18:10    после применения: поведение GoToSettlement; цель Ревиль; движется False
00:18:10  ПРИБЫЛИ в «Ревиль» (прибытие #70)
00:18:10    выход изнутри: к воротам → LeaveSettlement → Finish → Hold
00:18:10    ВЫШЛИ из «Ревиль» (подтверждённый выход #70)
00:18:10    время возобновлено (скорость 1): закрытие встречи ставит паузу
00:18:13  час: оценок 16; позиция у Ревиль ((CampaignVec2) X: 300.3447 Y: 583.3357 IsOnLand: True); текущее поведение Hold
00:18:13      GoToSettlement → Ревиль = 3.418
00:18:13      GoToSettlement → Карбур = 1.123
00:18:13      GoToSettlement → Замок Устокол = 0.505
00:18:13      GoToSettlement → Корсия = 0.851
00:18:13      GoToSettlement → Жемянь = 0.675
00:18:13      GoToSettlement → Устокол = 0.424
00:18:13      GoToSettlement → Замок Флинтолг = 0.188
00:18:13      GoToSettlement → Флинтолг = 0.173
00:18:13    лучшее: GoToSettlement → Ревиль = 3.418
00:18:13    НОВАЯ ЦЕЛЬ #74: GoToSettlement → Ревиль (оценка 3.418)
00:18:13    после применения: поведение GoToSettlement; цель Ревиль; движется False
00:18:14  ПРИБЫЛИ в «Ревиль» (прибытие #71)
00:18:14    выход изнутри: к воротам → LeaveSettlement → Finish → Hold
00:18:14    ВЫШЛИ из «Ревиль» (подтверждённый выход #71)
00:18:14    время возобновлено (скорость 1): закрытие встречи ставит паузу
00:18:17  час: оценок 16; позиция у Ревиль ((CampaignVec2) X: 300.3447 Y: 583.3357 IsOnLand: True); текущее поведение Hold
00:18:17      GoToSettlement → Ревиль = 3.400
00:18:17      GoToSettlement → Карбур = 1.125
00:18:17      GoToSettlement → Замок Устокол = 0.505
00:18:17      GoToSettlement → Корсия = 0.852
00:18:17      GoToSettlement → Жемянь = 0.676
00:18:17      GoToSettlement → Устокол = 0.424
00:18:17      GoToSettlement → Замок Флинтолг = 0.188
00:18:17      GoToSettlement → Флинтолг = 0.173
00:18:17    лучшее: GoToSettlement → Ревиль = 3.400
00:18:17    НОВАЯ ЦЕЛЬ #75: GoToSettlement → Ревиль (оценка 3.400)
00:18:17    после применения: поведение GoToSettlement; цель Ревиль; движется False
00:18:17  ПРИБЫЛИ в «Ревиль» (прибытие #72)
00:18:17    выход изнутри: к воротам → LeaveSettlement → Finish → Hold
00:18:17    ВЫШЛИ из «Ревиль» (подтверждённый выход #72)
00:18:17    время возобновлено (скорость 1): закрытие встречи ставит паузу
00:18:20  час: оценок 16; позиция у Ревиль ((CampaignVec2) X: 300.3447 Y: 583.3357 IsOnLand: True); текущее поведение Hold
00:18:20      GoToSettlement → Ревиль = 3.382
00:18:20      GoToSettlement → Карбур = 1.127
00:18:20      GoToSettlement → Замок Устокол = 0.507
00:18:20      GoToSettlement → Корсия = 0.854
00:18:20      GoToSettlement → Жемянь = 0.677
00:18:20      GoToSettlement → Устокол = 0.425
00:18:20      GoToSettlement → Замок Флинтолг = 0.188
00:18:20      GoToSettlement → Флинтолг = 0.173
00:18:20    лучшее: GoToSettlement → Ревиль = 3.382
00:18:20    НОВАЯ ЦЕЛЬ #76: GoToSettlement → Ревиль (оценка 3.382)
00:18:20    после применения: поведение GoToSettlement; цель Ревиль; движется False
00:18:21  ПРИБЫЛИ в «Ревиль» (прибытие #73)
00:18:21    выход изнутри: к воротам → LeaveSettlement → Finish → Hold
00:18:21    ВЫШЛИ из «Ревиль» (подтверждённый выход #73)
00:18:21    время возобновлено (скорость 1): закрытие встречи ставит паузу
00:18:24  час: оценок 16; позиция у Ревиль ((CampaignVec2) X: 300.3447 Y: 583.3357 IsOnLand: True); текущее поведение Hold
00:18:24      GoToSettlement → Ревиль = 3.418
00:18:24      GoToSettlement → Карбур = 1.128
00:18:24      GoToSettlement → Замок Устокол = 0.507
00:18:24      GoToSettlement → Корсия = 0.855
00:18:24      GoToSettlement → Жемянь = 0.678
00:18:24      GoToSettlement → Устокол = 0.426
00:18:24      GoToSettlement → Замок Флинтолг = 0.188
00:18:24      GoToSettlement → Флинтолг = 0.173
00:18:24    лучшее: GoToSettlement → Ревиль = 3.418
00:18:24    НОВАЯ ЦЕЛЬ #77: GoToSettlement → Ревиль (оценка 3.418)
00:18:24    после применения: поведение GoToSettlement; цель Ревиль; движется False
00:18:24  ПРИБЫЛИ в «Ревиль» (прибытие #74)
00:18:24    выход изнутри: к воротам → LeaveSettlement → Finish → Hold
00:18:24    ВЫШЛИ из «Ревиль» (подтверждённый выход #74)
00:18:24    время возобновлено (скорость 1): закрытие встречи ставит паузу
00:18:27  час: оценок 16; позиция у Ревиль ((CampaignVec2) X: 300.3447 Y: 583.3357 IsOnLand: True); текущее поведение Hold
00:18:27      GoToSettlement → Ревиль = 3.400
00:18:27      GoToSettlement → Карбур = 1.130
00:18:27      GoToSettlement → Замок Устокол = 0.508
00:18:27      GoToSettlement → Корсия = 0.856
00:18:27      GoToSettlement → Жемянь = 0.699
00:18:27      GoToSettlement → Устокол = 0.427
00:18:27      GoToSettlement → Замок Флинтолг = 0.188
00:18:27      GoToSettlement → Флинтолг = 0.173
00:18:27    лучшее: GoToSettlement → Ревиль = 3.400
00:18:27    НОВАЯ ЦЕЛЬ #78: GoToSettlement → Ревиль (оценка 3.400)
00:18:27    после применения: поведение GoToSettlement; цель Ревиль; движется False
00:18:28  ПРИБЫЛИ в «Ревиль» (прибытие #75)
00:18:28    выход изнутри: к воротам → LeaveSettlement → Finish → Hold
00:18:28    ВЫШЛИ из «Ревиль» (подтверждённый выход #75)
00:18:28    время возобновлено (скорость 1): закрытие встречи ставит паузу
00:18:31  час: оценок 16; позиция у Ревиль ((CampaignVec2) X: 300.3447 Y: 583.3357 IsOnLand: True); текущее поведение Hold
00:18:31      GoToSettlement → Ревиль = 3.382
00:18:31      GoToSettlement → Карбур = 1.132
00:18:31      GoToSettlement → Замок Устокол = 0.509
00:18:31      GoToSettlement → Корсия = 0.858
00:18:31      GoToSettlement → Жемянь = 0.701
00:18:31      GoToSettlement → Устокол = 0.428
00:18:31      GoToSettlement → Замок Флинтолг = 0.188
00:18:31      GoToSettlement → Флинтолг = 0.173
00:18:31    лучшее: GoToSettlement → Ревиль = 3.382
00:18:31    НОВАЯ ЦЕЛЬ #79: GoToSettlement → Ревиль (оценка 3.382)
00:18:31    после применения: поведение GoToSettlement; цель Ревиль; движется False
00:18:31  ПРИБЫЛИ в «Ревиль» (прибытие #76)
00:18:31    выход изнутри: к воротам → LeaveSettlement → Finish → Hold
00:18:31    ВЫШЛИ из «Ревиль» (подтверждённый выход #76)
00:18:31    время возобновлено (скорость 1): закрытие встречи ставит паузу
00:18:34  час: оценок 16; позиция у Ревиль ((CampaignVec2) X: 300.3447 Y: 583.3357 IsOnLand: True); текущее поведение Hold
00:18:34      GoToSettlement → Ревиль = 3.418
00:18:34      GoToSettlement → Карбур = 1.133
00:18:34      GoToSettlement → Замок Устокол = 0.510
00:18:34      GoToSettlement → Корсия = 0.859
00:18:34      GoToSettlement → Жемянь = 0.701
00:18:34      GoToSettlement → Устокол = 0.428
00:18:34      GoToSettlement → Замок Флинтолг = 0.188
00:18:34      GoToSettlement → Флинтолг = 0.173
00:18:34    лучшее: GoToSettlement → Ревиль = 3.418
00:18:34    НОВАЯ ЦЕЛЬ #80: GoToSettlement → Ревиль (оценка 3.418)
00:18:34    после применения: поведение GoToSettlement; цель Ревиль; движется False
00:18:35  ПРИБЫЛИ в «Ревиль» (прибытие #77)
00:18:35    выход изнутри: к воротам → LeaveSettlement → Finish → Hold
00:18:35    ВЫШЛИ из «Ревиль» (подтверждённый выход #77)
00:18:35    время возобновлено (скорость 1): закрытие встречи ставит паузу
00:18:38  час: оценок 16; позиция у Ревиль ((CampaignVec2) X: 300.3447 Y: 583.3357 IsOnLand: True); текущее поведение Hold
00:18:38      GoToSettlement → Ревиль = 3.400
00:18:38      GoToSettlement → Карбур = 1.135
00:18:38      GoToSettlement → Замок Устокол = 0.511
00:18:38      GoToSettlement → Корсия = 0.861
00:18:38      GoToSettlement → Жемянь = 0.703
00:18:38      GoToSettlement → Устокол = 0.429
00:18:38      GoToSettlement → Замок Флинтолг = 0.188
00:18:38      GoToSettlement → Флинтолг = 0.173
00:18:38    лучшее: GoToSettlement → Ревиль = 3.400
00:18:38    НОВАЯ ЦЕЛЬ #81: GoToSettlement → Ревиль (оценка 3.400)
00:18:38    после применения: поведение GoToSettlement; цель Ревиль; движется False
00:18:38  ПРИБЫЛИ в «Ревиль» (прибытие #78)
00:18:38    выход изнутри: к воротам → LeaveSettlement → Finish → Hold
00:18:38    ВЫШЛИ из «Ревиль» (подтверждённый выход #78)
00:18:38    время возобновлено (скорость 1): закрытие встречи ставит паузу
00:18:42  час: оценок 16; позиция у Ревиль ((CampaignVec2) X: 300.3447 Y: 583.3357 IsOnLand: True); текущее поведение Hold
00:18:42      GoToSettlement → Ревиль = 3.382
00:18:42      GoToSettlement → Карбур = 1.137
00:18:42      GoToSettlement → Замок Устокол = 0.512
00:18:42      GoToSettlement → Корсия = 0.862
00:18:42      GoToSettlement → Жемянь = 0.704
00:18:42      GoToSettlement → Устокол = 0.430
00:18:42      GoToSettlement → Замок Флинтолг = 0.188
00:18:42      GoToSettlement → Флинтолг = 0.173
00:18:42    лучшее: GoToSettlement → Ревиль = 3.382
00:18:42    НОВАЯ ЦЕЛЬ #82: GoToSettlement → Ревиль (оценка 3.382)
00:18:42    после применения: поведение GoToSettlement; цель Ревиль; движется False
00:18:42  ПРИБЫЛИ в «Ревиль» (прибытие #79)
00:18:42    выход изнутри: к воротам → LeaveSettlement → Finish → Hold
00:18:42    ВЫШЛИ из «Ревиль» (подтверждённый выход #79)
00:18:42    время возобновлено (скорость 1): закрытие встречи ставит паузу
00:18:45  час: оценок 16; позиция у Ревиль ((CampaignVec2) X: 300.3447 Y: 583.3357 IsOnLand: True); текущее поведение Hold
00:18:45      GoToSettlement → Ревиль = 3.418
00:18:45      GoToSettlement → Карбур = 1.138
00:18:45      GoToSettlement → Замок Устокол = 0.512
00:18:45      GoToSettlement → Корсия = 0.863
00:18:45      GoToSettlement → Жемянь = 0.705
00:18:45      GoToSettlement → Устокол = 0.430
00:18:45      GoToSettlement → Замок Флинтолг = 0.188
00:18:45      GoToSettlement → Флинтолг = 0.173
00:18:45    лучшее: GoToSettlement → Ревиль = 3.418
00:18:45    НОВАЯ ЦЕЛЬ #83: GoToSettlement → Ревиль (оценка 3.418)
00:18:45    после применения: поведение GoToSettlement; цель Ревиль; движется False
00:18:45  ПРИБЫЛИ в «Ревиль» (прибытие #80)
00:18:45    выход изнутри: к воротам → LeaveSettlement → Finish → Hold
00:18:45    ВЫШЛИ из «Ревиль» (подтверждённый выход #80)
00:18:45    время возобновлено (скорость 1): закрытие встречи ставит паузу
00:18:49  час: оценок 16; позиция у Ревиль ((CampaignVec2) X: 300.3447 Y: 583.3357 IsOnLand: True); текущее поведение Hold
00:18:49      GoToSettlement → Ревиль = 3.400
00:18:49      GoToSettlement → Карбур = 1.140
00:18:49      GoToSettlement → Замок Устокол = 0.513
00:18:49      GoToSettlement → Корсия = 0.865
00:18:49      GoToSettlement → Жемянь = 0.706
00:18:49      GoToSettlement → Устокол = 0.431
00:18:49      GoToSettlement → Замок Флинтолг = 0.188
00:18:49      GoToSettlement → Флинтолг = 0.173
00:18:49    лучшее: GoToSettlement → Ревиль = 3.400
00:18:49    НОВАЯ ЦЕЛЬ #84: GoToSettlement → Ревиль (оценка 3.400)
00:18:49    после применения: поведение GoToSettlement; цель Ревиль; движется False
00:18:49  ПРИБЫЛИ в «Ревиль» (прибытие #81)
00:18:49    выход изнутри: к воротам → LeaveSettlement → Finish → Hold
00:18:49    ВЫШЛИ из «Ревиль» (подтверждённый выход #81)
00:18:49    время возобновлено (скорость 1): закрытие встречи ставит паузу
00:18:52  час: оценок 16; позиция у Ревиль ((CampaignVec2) X: 300.3447 Y: 583.3357 IsOnLand: True); текущее поведение Hold
00:18:52      GoToSettlement → Ревиль = 3.400
00:18:52      GoToSettlement → Карбур = 1.142
00:18:52      GoToSettlement → Замок Устокол = 0.514
00:18:52      GoToSettlement → Корсия = 0.866
00:18:52      GoToSettlement → Жемянь = 0.707
00:18:52      GoToSettlement → Устокол = 0.432
00:18:52      GoToSettlement → Замок Флинтолг = 0.188
00:18:52      GoToSettlement → Флинтолг = 0.173
00:18:52    лучшее: GoToSettlement → Ревиль = 3.400
00:18:52    НОВАЯ ЦЕЛЬ #85: GoToSettlement → Ревиль (оценка 3.400)
00:18:52    после применения: поведение GoToSettlement; цель Ревиль; движется False
00:18:52  ПРИБЫЛИ в «Ревиль» (прибытие #82)
00:18:52    выход изнутри: к воротам → LeaveSettlement → Finish → Hold
00:18:52    ВЫШЛИ из «Ревиль» (подтверждённый выход #82)
00:18:52    время возобновлено (скорость 1): закрытие встречи ставит паузу
00:18:55  час: оценок 16; позиция у Ревиль ((CampaignVec2) X: 300.3447 Y: 583.3357 IsOnLand: True); текущее поведение Hold
00:18:55      GoToSettlement → Ревиль = 3.400
00:18:55      GoToSettlement → Карбур = 1.143
00:18:55      GoToSettlement → Замок Устокол = 0.515
00:18:55      GoToSettlement → Корсия = 0.868
00:18:55      GoToSettlement → Жемянь = 0.709
00:18:55      GoToSettlement → Устокол = 0.433
00:18:55      GoToSettlement → Замок Флинтолг = 0.188
00:18:55      GoToSettlement → Флинтолг = 0.173
00:18:55    лучшее: GoToSettlement → Ревиль = 3.400
00:18:55    НОВАЯ ЦЕЛЬ #86: GoToSettlement → Ревиль (оценка 3.400)
00:18:55    после применения: поведение GoToSettlement; цель Ревиль; движется False
00:18:56  ПРИБЫЛИ в «Ревиль» (прибытие #83)
00:18:56    выход изнутри: к воротам → LeaveSettlement → Finish → Hold
00:18:56    ВЫШЛИ из «Ревиль» (подтверждённый выход #83)
00:18:56    время возобновлено (скорость 1): закрытие встречи ставит паузу
00:18:59  час: оценок 16; позиция у Ревиль ((CampaignVec2) X: 300.3447 Y: 583.3357 IsOnLand: True); текущее поведение Hold
00:18:59      GoToSettlement → Ревиль = 3.400
00:18:59      GoToSettlement → Карбур = 1.145
00:18:59      GoToSettlement → Замок Устокол = 0.516
00:18:59      GoToSettlement → Корсия = 0.869
00:18:59      GoToSettlement → Жемянь = 0.710
00:18:59      GoToSettlement → Устокол = 0.433
00:18:59      GoToSettlement → Замок Флинтолг = 0.188
00:18:59      GoToSettlement → Флинтолг = 0.173
00:18:59    лучшее: GoToSettlement → Ревиль = 3.400
00:18:59    НОВАЯ ЦЕЛЬ #87: GoToSettlement → Ревиль (оценка 3.400)
00:18:59    после применения: поведение GoToSettlement; цель Ревиль; движется False
00:18:59  ПРИБЫЛИ в «Ревиль» (прибытие #84)
00:18:59    выход изнутри: к воротам → LeaveSettlement → Finish → Hold
00:18:59    ВЫШЛИ из «Ревиль» (подтверждённый выход #84)
00:18:59    время возобновлено (скорость 1): закрытие встречи ставит паузу
00:19:03  час: оценок 16; позиция у Ревиль ((CampaignVec2) X: 300.3447 Y: 583.3357 IsOnLand: True); текущее поведение Hold
00:19:03      GoToSettlement → Ревиль = 3.382
00:19:03      GoToSettlement → Карбур = 1.147
00:19:03      GoToSettlement → Замок Устокол = 0.517
00:19:03      GoToSettlement → Корсия = 0.871
00:19:03      GoToSettlement → Жемянь = 0.711
00:19:03      GoToSettlement → Устокол = 0.434
00:19:03      GoToSettlement → Замок Флинтолг = 0.188
00:19:03      GoToSettlement → Флинтолг = 0.173
00:19:03    лучшее: GoToSettlement → Ревиль = 3.382
00:19:03    НОВАЯ ЦЕЛЬ #88: GoToSettlement → Ревиль (оценка 3.382)
00:19:03    после применения: поведение GoToSettlement; цель Ревиль; движется False
00:19:03  ПРИБЫЛИ в «Ревиль» (прибытие #85)
00:19:03    выход изнутри: к воротам → LeaveSettlement → Finish → Hold
00:19:03    ВЫШЛИ из «Ревиль» (подтверждённый выход #85)
00:19:03    время возобновлено (скорость 1): закрытие встречи ставит паузу
00:19:06  час: оценок 16; позиция у Ревиль ((CampaignVec2) X: 300.3447 Y: 583.3357 IsOnLand: True); текущее поведение Hold
00:19:06      GoToSettlement → Ревиль = 3.418
00:19:06      GoToSettlement → Карбур = 1.149
00:19:06      GoToSettlement → Замок Устокол = 0.517
00:19:06      GoToSettlement → Корсия = 0.872
00:19:06      GoToSettlement → Жемянь = 0.712
00:19:06      GoToSettlement → Устокол = 0.435
00:19:06      GoToSettlement → Замок Флинтолг = 0.188
00:19:06      GoToSettlement → Флинтолг = 0.173
00:19:06    лучшее: GoToSettlement → Ревиль = 3.418
00:19:06    НОВАЯ ЦЕЛЬ #89: GoToSettlement → Ревиль (оценка 3.418)
00:19:06    после применения: поведение GoToSettlement; цель Ревиль; движется False
00:19:06  ПРИБЫЛИ в «Ревиль» (прибытие #86)
00:19:06    выход изнутри: к воротам → LeaveSettlement → Finish → Hold
00:19:06    ВЫШЛИ из «Ревиль» (подтверждённый выход #86)
00:19:06    время возобновлено (скорость 1): закрытие встречи ставит паузу
00:19:10  час: оценок 16; позиция у Ревиль ((CampaignVec2) X: 300.3447 Y: 583.3357 IsOnLand: True); текущее поведение Hold
00:19:10      GoToSettlement → Ревиль = 3.676
00:19:10      GoToSettlement → Карбур = 1.150
00:19:10      GoToSettlement → Замок Устокол = 0.518
00:19:10      GoToSettlement → Корсия = 0.873
00:19:10      GoToSettlement → Жемянь = 0.713
00:19:10      GoToSettlement → Устокол = 0.436
00:19:10      GoToSettlement → Замок Флинтолг = 0.188
00:19:10      GoToSettlement → Флинтолг = 0.154
00:19:10    лучшее: GoToSettlement → Ревиль = 3.676
00:19:10    НОВАЯ ЦЕЛЬ #90: GoToSettlement → Ревиль (оценка 3.676)
00:19:10    после применения: поведение GoToSettlement; цель Ревиль; движется False
00:19:10  ПРИБЫЛИ в «Ревиль» (прибытие #87)
00:19:10    выход изнутри: к воротам → LeaveSettlement → Finish → Hold
00:19:10    ВЫШЛИ из «Ревиль» (подтверждённый выход #87)
00:19:10    время возобновлено (скорость 1): закрытие встречи ставит паузу
00:19:13  час: оценок 16; позиция у Ревиль ((CampaignVec2) X: 300.3447 Y: 583.3357 IsOnLand: True); текущее поведение Hold
00:19:13      GoToSettlement → Ревиль = 3.657
00:19:13      GoToSettlement → Карбур = 1.152
00:19:13      GoToSettlement → Замок Устокол = 0.519
00:19:13      GoToSettlement → Корсия = 0.875
00:19:13      GoToSettlement → Жемянь = 0.715
00:19:13      GoToSettlement → Устокол = 0.437
00:19:13      GoToSettlement → Замок Флинтолг = 0.188
00:19:13      GoToSettlement → Флинтолг = 0.154
00:19:13    лучшее: GoToSettlement → Ревиль = 3.657
00:19:13    НОВАЯ ЦЕЛЬ #91: GoToSettlement → Ревиль (оценка 3.657)
00:19:13    после применения: поведение GoToSettlement; цель Ревиль; движется False
00:19:13  ПРИБЫЛИ в «Ревиль» (прибытие #88)
00:19:13    выход изнутри: к воротам → LeaveSettlement → Finish → Hold
00:19:13    ВЫШЛИ из «Ревиль» (подтверждённый выход #88)
00:19:13    время возобновлено (скорость 1): закрытие встречи ставит паузу
00:19:17  час: оценок 16; позиция у Ревиль ((CampaignVec2) X: 300.3447 Y: 583.3357 IsOnLand: True); текущее поведение Hold
00:19:17      GoToSettlement → Ревиль = 3.696
00:19:17      GoToSettlement → Карбур = 1.154
00:19:17      GoToSettlement → Замок Устокол = 0.520
00:19:17      GoToSettlement → Корсия = 0.876
00:19:17      GoToSettlement → Жемянь = 0.716
00:19:17      GoToSettlement → Устокол = 0.437
00:19:17      GoToSettlement → Замок Флинтолг = 0.188
00:19:17      GoToSettlement → Флинтолг = 0.144
00:19:17    лучшее: GoToSettlement → Ревиль = 3.696
00:19:17    НОВАЯ ЦЕЛЬ #92: GoToSettlement → Ревиль (оценка 3.696)
00:19:17    после применения: поведение GoToSettlement; цель Ревиль; движется False
00:19:17  ПРИБЫЛИ в «Ревиль» (прибытие #89)
00:19:17    выход изнутри: к воротам → LeaveSettlement → Finish → Hold
00:19:17    ВЫШЛИ из «Ревиль» (подтверждённый выход #89)
00:19:17    время возобновлено (скорость 1): закрытие встречи ставит паузу
00:19:19  ВЫКЛЮЧЕНИЕ: выключено игроком (F12)
00:19:19  движение остановлено: маршрут выдавал автопилот
00:19:19  состояние после выключения: IsDisabled=False; DoNotMakeNewDecisions=False; DefaultBehavior=Hold; Army=False; Settlement=нет; Encounter=False
00:19:19  итог сеанса: пересчётов 94; смен цели 92; повторов того же приказа 2; прибытий во время сеанса 89; подтверждённых выходов 89
00:19:19  [UI] Автопилот выключен: маршрут автопилота остановлен.
