npm warn Unknown env config "http-proxy". This will stop working in the next major version of npm.

> shedlink-preact-pilot@0.0.0 test
> vitest run test/panel-diplomacy-quotes.test.tsx -t hero.enact_policy unverified null

(!) Your Vite config uses features that are unsupported by `configLoader: 'native'`, which is planned to become the default in a future major version of Vite:
  - import "./preact.config" without a file extension (vitest.config.ts:2:31). Add the file extension
Set `VITE_CONFIG_NATIVE_IGNORE_WARNING=true` to suppress this warning.

 RUN  v5.0.3 /workspace/scratch/f566ddb2e035/panel-preact-implementation/frontend-next

stdout | test/panel-diplomacy-quotes.test.tsx > hero.enact_policy unverified null quote blocks real old action affordance safely
[FE-DET] panel SHOW (battle started, viewer alive)

 ❯ test/panel-diplomacy-quotes.test.tsx (21 tests | 1 failed | 20 skipped) 467ms
   × hero.enact_policy unverified null quote blocks real old action affordance safely 465ms

⎯⎯⎯⎯⎯⎯⎯ Failed Tests 1 ⎯⎯⎯⎯⎯⎯⎯

 FAIL  test/panel-diplomacy-quotes.test.tsx > hero.enact_policy unverified null quote blocks real old action affordance safely
AssertionError: expected false to be true // Object.is equality

- Expected
+ Received

- true
+ false

 ❯ test/panel-diplomacy-quotes.test.tsx:6:462


⎯⎯⎯⎯⎯⎯⎯⎯⎯⎯⎯⎯⎯⎯⎯⎯⎯⎯⎯⎯⎯⎯⎯⎯[1/1]⎯


 Test Files  1 failed (1)
      Tests  1 failed | 20 skipped (21)
   Start at  18:15:37
   Duration  1.50s (environment 34%, tests 34%, transform 22%, import 10%)
