npm warn Unknown env config "http-proxy". This will stop working in the next major version of npm.

> shedlink-preact-pilot@0.0.0 test
> vitest run test/panel-forge-parity.test.tsx -t forge head real control --maxWorkers=2

(!) Your Vite config uses features that are unsupported by `configLoader: 'native'`, which is planned to become the default in a future major version of Vite:
  - import "./preact.config" without a file extension (vitest.config.ts:2:31). Add the file extension
Set `VITE_CONFIG_NATIVE_IGNORE_WARNING=true` to suppress this warning.

 RUN  v5.0.3 /workspace/scratch/f566ddb2e035/preact-verification/c00bf91-mutations/frontend-next

stdout | test/panel-forge-parity.test.tsx > forge head real control exact wire, usage and complete successful/refused double-hero tail
[FE-DET] panel SHOW (battle started, viewer alive)

 ❯ test/panel-forge-parity.test.tsx (21 tests | 1 failed | 20 skipped) 471ms
   × forge head real control exact wire, usage and complete successful/refused double-hero tail 470ms

⎯⎯⎯⎯⎯⎯⎯ Failed Tests 1 ⎯⎯⎯⎯⎯⎯⎯

 FAIL  test/panel-forge-parity.test.tsx > forge head real control exact wire, usage and complete successful/refused double-hero tail
AssertionError: complete admitted-host request trace, including telemetry and all action/poll tails: expected [ { method: 'GET', …(6) }, …(13) ] to deeply equal [ { method: 'GET', …(6) }, …(20) ]

- Expected
+ Received

@@ -98,100 +98,37 @@
      "query": "",
      "token": "alice-token",
    },
    {
      "body": {
-       "action_type": "hero.reforge_quality",
+       "action_type": "hero.smith_item",
        "data": {
          "client_action_id": "<generated-action-id>",
          "slot": "head",
        },
      },
      "cache": null,
      "contentType": "application/json",
      "method": "POST",
      "path": "/api/bannerlord/action",
-     "query": "",
-     "token": "alice-token",
-   },
-   {
-     "body": null,
-     "cache": "no-store",
-     "contentType": "",
-     "method": "GET",
-     "path": "/api/viewer/stats/alice",
-     "query": "",
-     "token": "alice-token",
-   },
-   {
-     "body": null,
-     "cache": null,
-     "contentType": "",
-     "method": "GET",
-     "path": "/api/user/level/alice",
      "query": "",
      "token": "alice-token",
    },
    {
      "body": null,
      "cache": null,
      "contentType": "",
      "method": "GET",
-     "path": "/api/duel/list",
-     "query": "",
-     "token": "alice-token",
-   },
-   {
-     "body": null,
-     "cache": null,
-     "contentType": "",
-     "method": "GET",
      "path": "/api/bannerlord/battle-status",
      "query": "",
      "token": "alice-token",
    },
    {
      "body": null,
      "cache": null,
      "contentType": "",
      "method": "GET",
      "path": "/api/bannerlord/my-buffs",
-     "query": "",
-     "token": "alice-token",
-   },
-   {
-     "body": null,
-     "cache": null,
-     "contentType": "",
-     "method": "GET",
-     "path": "/api/bannerlord/my-hero",
-     "query": "",
-     "token": "alice-token",
-   },
-   {
-     "body": null,
-     "cache": null,
-     "contentType": "",
-     "method": "GET",
-     "path": "/api/bannerlord/build",
-     "query": "",
-     "token": "alice-token",
-   },
-   {
-     "body": null,
-     "cache": null,
-     "contentType": "",
-     "method": "GET",
-     "path": "/api/bannerlord/equipment-shop",
-     "query": "",
-     "token": "alice-token",
-   },
-   {
-     "body": null,
-     "cache": null,
-     "contentType": "",
-     "method": "GET",
-     "path": "/api/bannerlord/my-hero",
      "query": "",
      "token": "alice-token",
    },
  ]

 ❯ Object.check test/panel-combat-support.tsx:65:189

 ❯ test/panel-forge-parity.test.tsx:24:28

⎯⎯⎯⎯⎯⎯⎯⎯⎯⎯⎯⎯⎯⎯⎯⎯⎯⎯⎯⎯⎯⎯⎯⎯[1/1]⎯


 Test Files  1 failed (1)
      Tests  1 failed | 20 skipped (21)
   Start at  20:29:33
   Duration  1.46s (tests 35%, environment 34%, transform 21%, import 10%)
