npm warn Unknown env config "http-proxy". This will stop working in the next major version of npm.

> shedlink-preact-pilot@0.0.0 test
> vitest run test/panel-forge-safety.test.tsx -t dead hero removes controls --maxWorkers=2

(!) Your Vite config uses features that are unsupported by `configLoader: 'native'`, which is planned to become the default in a future major version of Vite:
  - import "./preact.config" without a file extension (vitest.config.ts:2:31). Add the file extension
Set `VITE_CONFIG_NATIVE_IGNORE_WARNING=true` to suppress this warning.

 RUN  v5.0.3 /workspace/scratch/f566ddb2e035/preact-verification/c00bf91-mutations/frontend-next

stdout | test/panel-forge-safety.test.tsx > forge dead hero removes controls and rejects the prior DOM callback
[FE-DET] panel SHOW (battle started, viewer alive)

 ❯ test/panel-forge-safety.test.tsx (27 tests | 1 failed | 26 skipped) 419ms
   × forge dead hero removes controls and rejects the prior DOM callback 418ms

⎯⎯⎯⎯⎯⎯⎯ Failed Tests 1 ⎯⎯⎯⎯⎯⎯⎯

 FAIL  test/panel-forge-safety.test.tsx > forge dead hero removes controls and rejects the prior DOM callback
AssertionError: expected [ { method: 'POST', …(7) } ] to have a length of +0 but got 1

- Expected
+ Received

- 0
+ 1

 ❯ test/panel-forge-safety.test.tsx:26:20
     24|   expect(button.disabled).toBe(false);
     25|   p.fixtures.hero = hero; await act(async () => { await p.controller.r…
     26|   expect(posts(p)).toHaveLength(0); expect(p.ui.container.querySelecto…
       |                    ^
     27| });
     28| for (const price of [null, '20000', 'not-a-price', -1, Number.NaN]) it…

⎯⎯⎯⎯⎯⎯⎯⎯⎯⎯⎯⎯⎯⎯⎯⎯⎯⎯⎯⎯⎯⎯⎯⎯[1/1]⎯


 Test Files  1 failed (1)
      Tests  1 failed | 26 skipped (27)
   Start at  20:29:54
   Duration  1.41s (environment 36%, tests 32%, transform 21%, import 10%)
