npm warn Unknown env config "http-proxy". This will stop working in the next major version of npm.

> shedlink-preact-pilot@0.0.0 test
> vitest run test/panel-forge-safety.test.tsx -t stale pre-render item control|quote replacement invalidates --maxWorkers=2

(!) Your Vite config uses features that are unsupported by `configLoader: 'native'`, which is planned to become the default in a future major version of Vite:
  - import "./preact.config" without a file extension (vitest.config.ts:2:31). Add the file extension
Set `VITE_CONFIG_NATIVE_IGNORE_WARNING=true` to suppress this warning.

 RUN  v5.0.3 /workspace/scratch/f566ddb2e035/preact-verification/c00bf91-mutations/frontend-next

stdout | test/panel-forge-safety.test.tsx > forge quote replacement invalidates a stale rendered click before Preact can commit
[FE-DET] panel SHOW (battle started, viewer alive)

 ❯ test/panel-forge-safety.test.tsx (27 tests | 1 failed | 25 skipped) 628ms
   × forge quote replacement invalidates a stale rendered click before Preact can commit 170ms

⎯⎯⎯⎯⎯⎯⎯ Failed Tests 1 ⎯⎯⎯⎯⎯⎯⎯

 FAIL  test/panel-forge-safety.test.tsx > forge quote replacement invalidates a stale rendered click before Preact can commit
AssertionError: expected [ { method: 'POST', …(7) } ] to have a length of +0 but got 1

- Expected
+ Received

- 0
+ 1

 ❯ test/panel-forge-safety.test.tsx:35:115
     33|   const p = await forgePair(); await toggle(p, 'inv-forge'); const but…
     34|   p.fixtures.config = { ...r.config, reforge_price: 76543 };
     35|   await act(async () => { await p.controller.refreshConfig(); button.c…
       |                                                                                                                   ^
     36|   await click(p); expect(posts(p)).toHaveLength(1);
     37| });

⎯⎯⎯⎯⎯⎯⎯⎯⎯⎯⎯⎯⎯⎯⎯⎯⎯⎯⎯⎯⎯⎯⎯⎯[1/1]⎯


 Test Files  1 failed (1)
      Tests  1 failed | 1 passed | 25 skipped (27)
   Start at  20:29:45
   Duration  1.63s (tests 42%, environment 32%, transform 17%, import 9%)

npm notice
npm notice New major version of npm available! 11.9.0 -> 12.2.0
npm notice Changelog: https://github.com/npm/cli/releases/tag/v12.2.0
npm notice To update run: npm install -g npm@12.2.0
npm notice
