npm warn Unknown env config "http-proxy". This will stop working in the next major version of npm.

> shedlink-preact-pilot@0.0.0 test
> vitest run test/panel-forge-parity.test.tsx -t forge head real control --maxWorkers=2

(!) Your Vite config uses features that are unsupported by `configLoader: 'native'`, which is planned to become the default in a future major version of Vite:
  - import "./preact.config" without a file extension (vitest.config.ts:2:31). Add the file extension
Set `VITE_CONFIG_NATIVE_IGNORE_WARNING=true` to suppress this warning.

 RUN  v5.0.3 /workspace/scratch/f566ddb2e035/preact-verification/c00bf91-mutations/frontend-next

stdout | test/panel-forge-parity.test.tsx > forge head real control exact wire, usage and complete successful/refused double-hero tail
[FE-DET] panel SHOW (battle started, viewer alive)

 ❯ test/panel-forge-parity.test.tsx (21 tests | 1 failed | 20 skipped) 510ms
   × forge head real control exact wire, usage and complete successful/refused double-hero tail 509ms

⎯⎯⎯⎯⎯⎯⎯ Failed Tests 1 ⎯⎯⎯⎯⎯⎯⎯

 FAIL  test/panel-forge-parity.test.tsx > forge head real control exact wire, usage and complete successful/refused double-hero tail
AssertionError: complete admitted-host request trace, including telemetry and all action/poll tails: expected [ { method: 'GET', …(6) }, …(19) ] to deeply equal [ { method: 'GET', …(6) }, …(20) ]

- Expected
+ Received

@@ -183,15 +183,6 @@
      "method": "GET",
      "path": "/api/bannerlord/equipment-shop",
      "query": "",
      "token": "alice-token",
    },
-   {
-     "body": null,
-     "cache": null,
-     "contentType": "",
-     "method": "GET",
-     "path": "/api/bannerlord/my-hero",
-     "query": "",
-     "token": "alice-token",
-   },
  ]

 ❯ Object.check test/panel-combat-support.tsx:65:189

 ❯ test/panel-forge-parity.test.tsx:24:28

⎯⎯⎯⎯⎯⎯⎯⎯⎯⎯⎯⎯⎯⎯⎯⎯⎯⎯⎯⎯⎯⎯⎯⎯[1/1]⎯


 Test Files  1 failed (1)
      Tests  1 failed | 20 skipped (21)
   Start at  20:29:41
   Duration  1.49s (tests 37%, environment 33%, transform 20%, import 10%)

npm notice
npm notice New major version of npm available! 11.9.0 -> 12.2.0
npm notice Changelog: https://github.com/npm/cli/releases/tag/v12.2.0
npm notice To update run: npm install -g npm@12.2.0
npm notice
