npm warn Unknown env config "http-proxy". This will stop working in the next major version of npm.

> shedlink-preact-pilot@0.0.0 test
> vitest run test/panel-diplomacy-parity.test.tsx -t direct peace keeps text target twice and parseInt tribute -200

(!) Your Vite config uses features that are unsupported by `configLoader: 'native'`, which is planned to become the default in a future major version of Vite:
  - import "./preact.config" without a file extension (vitest.config.ts:2:31). Add the file extension
Set `VITE_CONFIG_NATIVE_IGNORE_WARNING=true` to suppress this warning.

 RUN  v5.0.3 /workspace/scratch/f566ddb2e035/panel-preact-implementation/frontend-next

stdout | test/panel-diplomacy-parity.test.tsx > direct peace keeps text target twice and parseInt tribute -200
[FE-DET] panel SHOW (battle started, viewer alive)

 ❯ test/panel-diplomacy-parity.test.tsx (36 tests | 1 failed | 35 skipped) 510ms
   × direct peace keeps text target twice and parseInt tribute -200 508ms

⎯⎯⎯⎯⎯⎯⎯ Failed Tests 1 ⎯⎯⎯⎯⎯⎯⎯

 FAIL  test/panel-diplomacy-parity.test.tsx > direct peace keeps text target twice and parseInt tribute -200
AssertionError: expected { …(4) } to match object { …(3) }
(1 matching property omitted from actual)

- Expected
+ Received

  {
-   "offered_tribute": -200,
+   "offered_tribute": 200,
    "target_kingdom_id": "Fixture Enemy",
    "target_kingdom_name": "Fixture Enemy",
  }

 ❯ test/panel-diplomacy-parity.test.tsx:9:380


⎯⎯⎯⎯⎯⎯⎯⎯⎯⎯⎯⎯⎯⎯⎯⎯⎯⎯⎯⎯⎯⎯⎯⎯[1/1]⎯


 Test Files  1 failed (1)
      Tests  1 failed | 35 skipped (36)
   Start at  18:24:31
   Duration  1.54s (tests 36%, environment 33%, transform 21%, import 10%)
