npm warn Unknown env config "http-proxy". This will stop working in the next major version of npm.

> shedlink-preact-pilot@0.0.0 test
> vitest run test/panel-diplomacy-safety.test.tsx -t fresh observed state remains quarantined

(!) Your Vite config uses features that are unsupported by `configLoader: 'native'`, which is planned to become the default in a future major version of Vite:
  - import "./preact.config" without a file extension (vitest.config.ts:2:31). Add the file extension
Set `VITE_CONFIG_NATIVE_IGNORE_WARNING=true` to suppress this warning.

 RUN  v5.0.3 /workspace/scratch/f566ddb2e035/panel-preact-implementation/frontend-next

stdout | test/panel-diplomacy-safety.test.tsx > fresh observed state remains quarantined while replacement hero waits for agreeing state
[FE-DET] panel SHOW (battle started, viewer alive)

 ❯ test/panel-diplomacy-safety.test.tsx (48 tests | 1 failed | 47 skipped) 431ms
   × fresh observed state remains quarantined while replacement hero waits for agreeing state 429ms

⎯⎯⎯⎯⎯⎯⎯ Failed Tests 1 ⎯⎯⎯⎯⎯⎯⎯

 FAIL  test/panel-diplomacy-safety.test.tsx > fresh observed state remains quarantined while replacement hero waits for agreeing state
AssertionError: expected false to be true // Object.is equality

- Expected
+ Received

- true
+ false

 ❯ test/panel-diplomacy-safety.test.tsx:37:518


⎯⎯⎯⎯⎯⎯⎯⎯⎯⎯⎯⎯⎯⎯⎯⎯⎯⎯⎯⎯⎯⎯⎯⎯[1/1]⎯


 Test Files  1 failed (1)
      Tests  1 failed | 47 skipped (48)
   Start at  18:25:17
   Duration  1.42s (environment 35%, tests 33%, transform 21%, import 10%)
