npm warn Unknown env config "http-proxy". This will stop working in the next major version of npm.

> shedlink-preact-pilot@0.0.0 test
> vitest run test/panel-diplomacy-parity.test.tsx -t policy policy_royal_guard exact

(!) Your Vite config uses features that are unsupported by `configLoader: 'native'`, which is planned to become the default in a future major version of Vite:
  - import "./preact.config" without a file extension (vitest.config.ts:2:31). Add the file extension
Set `VITE_CONFIG_NATIVE_IGNORE_WARNING=true` to suppress this warning.

 RUN  v5.0.3 /workspace/scratch/f566ddb2e035/panel-preact-implementation/frontend-next

stdout | test/panel-diplomacy-parity.test.tsx > policy policy_royal_guard exact existing ID/name and complete local/generic tails
[FE-DET] panel SHOW (battle started, viewer alive)

 ❯ test/panel-diplomacy-parity.test.tsx (36 tests | 1 failed | 35 skipped) 496ms
   × policy policy_royal_guard exact existing ID/name and complete local/generic tails 494ms

⎯⎯⎯⎯⎯⎯⎯ Failed Tests 1 ⎯⎯⎯⎯⎯⎯⎯

 FAIL  test/panel-diplomacy-parity.test.tsx > policy policy_royal_guard exact existing ID/name and complete local/generic tails
AssertionError: expected { …(3) } to match object { …(2) }
(1 matching property omitted from actual)

- Expected
+ Received

  {
    "policy_id": "policy_royal_guard",
-   "policy_name": "Королевская гвардия",
+   "policy_name": "WRONG",
  }

 ❯ test/panel-diplomacy-parity.test.tsx:7:244


⎯⎯⎯⎯⎯⎯⎯⎯⎯⎯⎯⎯⎯⎯⎯⎯⎯⎯⎯⎯⎯⎯⎯⎯[1/1]⎯


 Test Files  1 failed (1)
      Tests  1 failed | 35 skipped (36)
   Start at  18:24:27
   Duration  1.55s (environment 35%, tests 35%, transform 20%, import 10%)
