npm warn Unknown env config "http-proxy". This will stop working in the next major version of npm.

> shedlink-preact-pilot@0.0.0 test
> vitest run test/panel-diplomacy-safety.test.tsx -t old actual reverse completion

(!) Your Vite config uses features that are unsupported by `configLoader: 'native'`, which is planned to become the default in a future major version of Vite:
  - import "./preact.config" without a file extension (vitest.config.ts:2:31). Add the file extension
Set `VITE_CONFIG_NATIVE_IGNORE_WARNING=true` to suppress this warning.

 RUN  v5.0.3 /workspace/scratch/f566ddb2e035/panel-preact-implementation/frontend-next

stdout | test/panel-diplomacy-safety.test.tsx > old actual reverse completion rolls tax backward, new state stays latest applied
[FE-DET] panel SHOW (battle started, viewer alive)

 ❯ test/panel-diplomacy-safety.test.tsx (48 tests | 1 failed | 47 skipped) 513ms
   × old actual reverse completion rolls tax backward, new state stays latest applied 512ms

⎯⎯⎯⎯⎯⎯⎯ Failed Tests 1 ⎯⎯⎯⎯⎯⎯⎯

 FAIL  test/panel-diplomacy-safety.test.tsx > old actual reverse completion rolls tax backward, new state stays latest applied
AssertionError: expected 10 to be 50 // Object.is equality

- Expected
+ Received

- 50
+ 10

 ❯ test/panel-diplomacy-safety.test.tsx:10:671


⎯⎯⎯⎯⎯⎯⎯⎯⎯⎯⎯⎯⎯⎯⎯⎯⎯⎯⎯⎯⎯⎯⎯⎯[1/1]⎯


 Test Files  1 failed (1)
      Tests  1 failed | 47 skipped (48)
   Start at  18:24:49
   Duration  1.53s (tests 36%, environment 35%, transform 19%, import 9%)
