npm warn Unknown env config "http-proxy". This will stop working in the next major version of npm.

> shedlink-preact-pilot@0.0.0 test
> vitest run test/panel-diplomacy-safety.test.tsx -t scheduled local tail cannot migrate

(!) Your Vite config uses features that are unsupported by `configLoader: 'native'`, which is planned to become the default in a future major version of Vite:
  - import "./preact.config" without a file extension (vitest.config.ts:2:31). Add the file extension
Set `VITE_CONFIG_NATIVE_IGNORE_WARNING=true` to suppress this warning.

 RUN  v5.0.3 /workspace/scratch/f566ddb2e035/panel-preact-implementation/frontend-next

stdout | test/panel-diplomacy-safety.test.tsx > scheduled local tail cannot migrate to refreshed JWT
[FE-DET] panel SHOW (battle started, viewer alive)

 ❯ test/panel-diplomacy-safety.test.tsx (48 tests | 1 failed | 47 skipped) 497ms
   × scheduled local tail cannot migrate to refreshed JWT 496ms

⎯⎯⎯⎯⎯⎯⎯ Failed Tests 1 ⎯⎯⎯⎯⎯⎯⎯

 FAIL  test/panel-diplomacy-safety.test.tsx > scheduled local tail cannot migrate to refreshed JWT
AssertionError: expected [ { method: 'GET', …(7) } ] to have a length of +0 but got 1

- Expected
+ Received

- 0
+ 1

 ❯ test/panel-diplomacy-safety.test.tsx:17:648


⎯⎯⎯⎯⎯⎯⎯⎯⎯⎯⎯⎯⎯⎯⎯⎯⎯⎯⎯⎯⎯⎯⎯⎯[1/1]⎯


 Test Files  1 failed (1)
      Tests  1 failed | 47 skipped (48)
   Start at  18:24:53
   Duration  1.57s (environment 36%, tests 34%, transform 20%, import 9%)
