npm warn Unknown env config "http-proxy". This will stop working in the next major version of npm.

> shedlink-preact-pilot@0.0.0 test
> vitest run test/panel-diplomacy-parity.test.tsx -t #bnr-war-propose exact proposal

(!) Your Vite config uses features that are unsupported by `configLoader: 'native'`, which is planned to become the default in a future major version of Vite:
  - import "./preact.config" without a file extension (vitest.config.ts:2:31). Add the file extension
Set `VITE_CONFIG_NATIVE_IGNORE_WARNING=true` to suppress this warning.

 RUN  v5.0.3 /workspace/scratch/f566ddb2e035/panel-preact-implementation/frontend-next

stdout | test/panel-diplomacy-parity.test.tsx > #bnr-war-propose exact proposal without tribute, immediate read and 7s queue feedback
[FE-DET] panel SHOW (battle started, viewer alive)

 ❯ test/panel-diplomacy-parity.test.tsx (36 tests | 1 failed | 35 skipped) 478ms
   × #bnr-war-propose exact proposal without tribute, immediate read and 7s queue feedback 477ms

⎯⎯⎯⎯⎯⎯⎯ Failed Tests 1 ⎯⎯⎯⎯⎯⎯⎯

 FAIL  test/panel-diplomacy-parity.test.tsx > #bnr-war-propose exact proposal without tribute, immediate read and 7s queue feedback
AssertionError: expected { …(3) } to match object { …(2) }
(1 matching property omitted from actual)

- Expected
+ Received

  {
    "target_kingdom_id": "fixture_neutral",
-   "target_kingdom_name": "Fixture Neutral",
+   "target_kingdom_name": "WRONG",
  }

 ❯ test/panel-diplomacy-parity.test.tsx:12:328


⎯⎯⎯⎯⎯⎯⎯⎯⎯⎯⎯⎯⎯⎯⎯⎯⎯⎯⎯⎯⎯⎯⎯⎯[1/1]⎯


 Test Files  1 failed (1)
      Tests  1 failed | 35 skipped (36)
   Start at  18:24:40
   Duration  1.50s (environment 35%, tests 35%, transform 20%, import 10%)
