npm warn Unknown env config "http-proxy". This will stop working in the next major version of npm.

> shedlink-preact-pilot@0.0.0 test
> vitest run test/panel-policy-transport.test.tsx --maxWorkers=2

(!) Your Vite config uses features that are unsupported by `configLoader: 'native'`, which is planned to become the default in a future major version of Vite:
  - import "./preact.config" without a file extension (vitest.config.ts:2:31). Add the file extension
Set `VITE_CONFIG_NATIVE_IGNORE_WARNING=true` to suppress this warning.

 RUN  v5.0.3 /workspace/scratch/f566ddb2e035/panel-policy-fix-38beb21/frontend-next

 ❯ test/panel-policy-transport.test.tsx (110 tests | 3 failed) 157ms
   × uncertain boundary: 5xx with action envelope true keeps identity lock across JWT rotation and never reposts 8ms
   × uncertain boundary: 5xx with action envelope false keeps identity lock across JWT rotation and never reposts 1ms
   × invalid response status 600 is uncertain even with success:false 1ms

⎯⎯⎯⎯⎯⎯⎯ Failed Tests 3 ⎯⎯⎯⎯⎯⎯⎯

 FAIL  test/panel-policy-transport.test.tsx > uncertain boundary: 5xx with action envelope true keeps identity lock across JWT rotation and never reposts
AssertionError: promise resolved "{ success: true, action_id: 'accepted' }" instead of rejecting

- Expected
+ Received

- Error {
-   "message": "rejected promise",
+ {
+   "action_id": "accepted",
+   "success": true,
  }

 ❯ test/panel-policy-transport.test.tsx:110:59
    108| for (const { name, status, body } of invalid) it(`uncertain boundary: …
    109|   const s = setup('unregistered', async () => json(body, status));
    110|   await expect(s.transport.action('hero.army_create', {})).rejects.toB…
       |                                                           ^
    111|   expect(s.transport.mutationBlock()).toContain('Исход предыдущей заяв…
    112|   s.auth.authorize({ ...authFor('unregistered'), token: 'rotated' });

⎯⎯⎯⎯⎯⎯⎯⎯⎯⎯⎯⎯⎯⎯⎯⎯⎯⎯⎯⎯⎯⎯⎯⎯[1/3]⎯

 FAIL  test/panel-policy-transport.test.tsx > uncertain boundary: 5xx with action envelope false keeps identity lock across JWT rotation and never reposts
AssertionError: promise resolved "{ success: false, message: 'No' }" instead of rejecting

- Expected
+ Received

- Error {
-   "message": "rejected promise",
+ {
+   "message": "No",
+   "success": false,
  }

 ❯ test/panel-policy-transport.test.tsx:110:59
    108| for (const { name, status, body } of invalid) it(`uncertain boundary: …
    109|   const s = setup('unregistered', async () => json(body, status));
    110|   await expect(s.transport.action('hero.army_create', {})).rejects.toB…
       |                                                           ^
    111|   expect(s.transport.mutationBlock()).toContain('Исход предыдущей заяв…
    112|   s.auth.authorize({ ...authFor('unregistered'), token: 'rotated' });

⎯⎯⎯⎯⎯⎯⎯⎯⎯⎯⎯⎯⎯⎯⎯⎯⎯⎯⎯⎯⎯⎯⎯⎯[2/3]⎯

 FAIL  test/panel-policy-transport.test.tsx > invalid response status 600 is uncertain even with success:false
AssertionError: promise resolved "{ success: false, message: 'No' }" instead of rejecting

- Expected
+ Received

- Error {
-   "message": "rejected promise",
+ {
+   "message": "No",
+   "success": false,
  }

 ❯ test/panel-policy-transport.test.tsx:163:59
    161| for (const status of [0, undefined, NaN, 199, 600]) it(`invalid respon…
    162|   const s = setup('unregistered', async () => ({ status, json: async (…
    163|   await expect(s.transport.action('hero.army_create', {})).rejects.toB…
       |                                                           ^
    164| });
    165| for (const [name, reply] of [

⎯⎯⎯⎯⎯⎯⎯⎯⎯⎯⎯⎯⎯⎯⎯⎯⎯⎯⎯⎯⎯⎯⎯⎯[3/3]⎯


 Test Files  1 failed (1)
      Tests  3 failed | 107 passed (110)
   Start at  18:42:03
   Duration  1.10s (environment 53%, transform 18%, tests 16%, import 12%, worker 1%)

