npm warn Unknown env config "http-proxy". This will stop working in the next major version of npm.

> shedlink-preact-pilot@0.0.0 test
> vitest run test/panel-policy-transport.test.tsx --maxWorkers=2

(!) Your Vite config uses features that are unsupported by `configLoader: 'native'`, which is planned to become the default in a future major version of Vite:
  - import "./preact.config" without a file extension (vitest.config.ts:2:31). Add the file extension
Set `VITE_CONFIG_NATIVE_IGNORE_WARNING=true` to suppress this warning.

 RUN  v5.0.3 /workspace/scratch/f566ddb2e035/panel-policy-fix-38beb21/frontend-next

 ❯ test/panel-policy-transport.test.tsx (110 tests | 2 failed) 146ms
   × malformed rate metadata is not normalized: {"limit_per_min":1.5} 7ms
   × malformed rate metadata is not normalized: {"limit_per_min":9007199254740992} 1ms

⎯⎯⎯⎯⎯⎯⎯ Failed Tests 2 ⎯⎯⎯⎯⎯⎯⎯

 FAIL  test/panel-policy-transport.test.tsx > malformed rate metadata is not normalized: {"limit_per_min":1.5}
 FAIL  test/panel-policy-transport.test.tsx > malformed rate metadata is not normalized: {"limit_per_min":9007199254740992}
AssertionError: promise resolved "{ success: false, …(1) }" instead of rejecting

- Expected
+ Received

- Error {
-   "message": "rejected promise",
+ {
+   "message": "Слишком много запросов. Попробуй через минуту.",
+   "success": false,
  }

 ❯ test/panel-policy-transport.test.tsx:130:59


⎯⎯⎯⎯⎯⎯⎯⎯⎯⎯⎯⎯⎯⎯⎯⎯⎯⎯⎯⎯⎯⎯⎯⎯[1/2]⎯


 Test Files  1 failed (1)
      Tests  2 failed | 108 passed (110)
   Start at  18:41:57
   Duration  1.08s (environment 58%, transform 16%, tests 15%, import 11%)
