npm warn Unknown env config "http-proxy". This will stop working in the next major version of npm.

> shedlink-preact-pilot@0.0.0 test
> vitest run test/panel-army-kingdom-safety.test.tsx -t army affirmative cannot use observed

(!) Your Vite config uses features that are unsupported by `configLoader: 'native'`, which is planned to become the default in a future major version of Vite:
  - import "./preact.config" without a file extension (vitest.config.ts:2:31). Add the file extension
Set `VITE_CONFIG_NATIVE_IGNORE_WARNING=true` to suppress this warning.

 RUN  v5.0.3 /workspace/scratch/f566ddb2e035/panel-preact-implementation/frontend-next

stdout | test/panel-army-kingdom-safety.test.tsx > army affirmative cannot use observed fixture_other_kingdom/false contradiction
[FE-DET] panel SHOW (battle started, viewer alive)

stdout | test/panel-army-kingdom-safety.test.tsx > army affirmative cannot use observed fixture_kingdom/false contradiction
[FE-DET] panel SHOW (battle started, viewer alive)

 ❯ test/panel-army-kingdom-safety.test.tsx (10 tests | 2 failed | 8 skipped) 724ms
   × army affirmative cannot use observed fixture_other_kingdom/false contradiction 534ms
   × army affirmative cannot use observed fixture_kingdom/false contradiction 189ms

⎯⎯⎯⎯⎯⎯⎯ Failed Tests 2 ⎯⎯⎯⎯⎯⎯⎯

 FAIL  test/panel-army-kingdom-safety.test.tsx > army affirmative cannot use observed fixture_other_kingdom/false contradiction
 FAIL  test/panel-army-kingdom-safety.test.tsx > army affirmative cannot use observed fixture_kingdom/false contradiction
AssertionError: expected [ { method: 'POST', …(7) } ] to have a length of +0 but got 1

- Expected
+ Received

- 0
+ 1

 ❯ test/panel-army-kingdom-safety.test.tsx:14:106


⎯⎯⎯⎯⎯⎯⎯⎯⎯⎯⎯⎯⎯⎯⎯⎯⎯⎯⎯⎯⎯⎯⎯⎯[1/2]⎯


 Test Files  1 failed (1)
      Tests  2 failed | 8 skipped (10)
   Start at  18:39:24
   Duration  1.78s (tests 44%, environment 30%, transform 17%, import 9%)
