npm warn Unknown env config "http-proxy". This will stop working in the next major version of npm.

> shedlink-preact-pilot@0.0.0 test
> vitest run test/panel-army-kingdom-safety.test.tsx -t army create saved button

(!) Your Vite config uses features that are unsupported by `configLoader: 'native'`, which is planned to become the default in a future major version of Vite:
  - import "./preact.config" without a file extension (vitest.config.ts:2:31). Add the file extension
Set `VITE_CONFIG_NATIVE_IGNORE_WARNING=true` to suppress this warning.

 RUN  v5.0.3 /workspace/scratch/f566ddb2e035/panel-preact-implementation/frontend-next

stdout | test/panel-army-kingdom-safety.test.tsx > army create saved button and controller admission reject fixture_other_kingdom/false contradiction
[FE-DET] panel SHOW (battle started, viewer alive)

stdout | test/panel-army-kingdom-safety.test.tsx > army create saved button and controller admission reject fixture_kingdom/false contradiction
[FE-DET] panel SHOW (battle started, viewer alive)

 ❯ test/panel-army-kingdom-safety.test.tsx (10 tests | 2 failed | 8 skipped) 805ms
   × army create saved button and controller admission reject fixture_other_kingdom/false contradiction 618ms
   × army create saved button and controller admission reject fixture_kingdom/false contradiction 186ms

⎯⎯⎯⎯⎯⎯⎯ Failed Tests 2 ⎯⎯⎯⎯⎯⎯⎯

 FAIL  test/panel-army-kingdom-safety.test.tsx > army create saved button and controller admission reject fixture_other_kingdom/false contradiction
 FAIL  test/panel-army-kingdom-safety.test.tsx > army create saved button and controller admission reject fixture_kingdom/false contradiction
AssertionError: expected [ { method: 'POST', …(7) } ] to have a length of +0 but got 1

- Expected
+ Received

- 0
+ 1

 ❯ test/panel-army-kingdom-safety.test.tsx:18:191


⎯⎯⎯⎯⎯⎯⎯⎯⎯⎯⎯⎯⎯⎯⎯⎯⎯⎯⎯⎯⎯⎯⎯⎯[1/2]⎯


 Test Files  1 failed (1)
      Tests  2 failed | 8 skipped (10)
   Start at  18:39:19
   Duration  2.05s (tests 42%, environment 33%, transform 17%, import 8%)
