npm warn Unknown env config "http-proxy". This will stop working in the next major version of npm.

> shedlink-preact-pilot@0.0.0 test
> vitest run test/panel-kingdom-parity.test.tsx -t join button/Enter

(!) Your Vite config uses features that are unsupported by `configLoader: 'native'`, which is planned to become the default in a future major version of Vite:
  - import "./preact.config" without a file extension (vitest.config.ts:2:31). Add the file extension
Set `VITE_CONFIG_NATIVE_IGNORE_WARNING=true` to suppress this warning.

 RUN  v5.0.3 /workspace/scratch/f566ddb2e035/panel-preact-implementation/frontend-next

stdout | test/panel-kingdom-parity.test.tsx > join button/Enter false full wire/30s tail/usage parity
[FE-DET] panel SHOW (battle started, viewer alive)

stdout | test/panel-kingdom-parity.test.tsx > join button/Enter true full wire/30s tail/usage parity
[FE-DET] panel SHOW (battle started, viewer alive)

 ❯ test/panel-kingdom-parity.test.tsx (20 tests | 2 failed | 18 skipped) 1056ms
   × join button/Enter false full wire/30s tail/usage parity 726ms
   × join button/Enter true full wire/30s tail/usage parity 329ms

⎯⎯⎯⎯⎯⎯⎯ Failed Tests 2 ⎯⎯⎯⎯⎯⎯⎯

 FAIL  test/panel-kingdom-parity.test.tsx > join button/Enter false full wire/30s tail/usage parity
 FAIL  test/panel-kingdom-parity.test.tsx > join button/Enter true full wire/30s tail/usage parity
AssertionError: complete admitted-host request trace, including telemetry and all action/poll tails: expected [ { method: 'GET', …(6) }, …(58) ] to deeply equal [ { method: 'GET', …(6) }, …(58) ]

- Expected
+ Received

@@ -100,12 +100,12 @@
    },
    {
      "body": {
        "action_type": "hero.join_kingdom",
        "data": {
+         "clan_name": "Fixture Kingdom",
          "client_action_id": "<generated-action-id>",
-         "kingdom_name": "Fixture Kingdom",
        },
      },
      "cache": null,
      "contentType": "application/json",
      "method": "POST",

 ❯ Object.check test/panel-combat-support.tsx:65:189

 ❯ test/panel-kingdom-parity.test.tsx:6:584

⎯⎯⎯⎯⎯⎯⎯⎯⎯⎯⎯⎯⎯⎯⎯⎯⎯⎯⎯⎯⎯⎯⎯⎯[1/2]⎯


 Test Files  1 failed (1)
      Tests  2 failed | 18 skipped (20)
   Start at  18:00:34
   Duration  2.10s (tests 53%, environment 26%, transform 14%, import 7%)

npm notice
npm notice New major version of npm available! 11.9.0 -> 12.2.0
npm notice Changelog: https://github.com/npm/cli/releases/tag/v12.2.0
npm notice To update run: npm install -g npm@12.2.0
npm notice
