npm warn Unknown env config "http-proxy". This will stop working in the next major version of npm.

> shedlink-preact-pilot@0.0.0 test
> vitest run test/panel-kingdom-parity.test.tsx -t create button/Enter

(!) Your Vite config uses features that are unsupported by `configLoader: 'native'`, which is planned to become the default in a future major version of Vite:
  - import "./preact.config" without a file extension (vitest.config.ts:2:31). Add the file extension
Set `VITE_CONFIG_NATIVE_IGNORE_WARNING=true` to suppress this warning.

 RUN  v5.0.3 /workspace/scratch/f566ddb2e035/panel-preact-implementation/frontend-next

stdout | test/panel-kingdom-parity.test.tsx > create button/Enter false full wire/30s tail/usage parity
[FE-DET] panel SHOW (battle started, viewer alive)

stdout | test/panel-kingdom-parity.test.tsx > create button/Enter true full wire/30s tail/usage parity
[FE-DET] panel SHOW (battle started, viewer alive)

 ❯ test/panel-kingdom-parity.test.tsx (20 tests | 2 failed | 18 skipped) 995ms
   × create button/Enter false full wire/30s tail/usage parity 679ms
   × create button/Enter true full wire/30s tail/usage parity 315ms

⎯⎯⎯⎯⎯⎯⎯ Failed Tests 2 ⎯⎯⎯⎯⎯⎯⎯

 FAIL  test/panel-kingdom-parity.test.tsx > create button/Enter false full wire/30s tail/usage parity
 FAIL  test/panel-kingdom-parity.test.tsx > create button/Enter true full wire/30s tail/usage parity
AssertionError: complete admitted-host request trace, including telemetry and all action/poll tails: expected [ { method: 'GET', …(6) }, …(63) ] to deeply equal [ { method: 'GET', …(6) }, …(63) ]

- Expected
+ Received

@@ -109,12 +109,12 @@
    },
    {
      "body": {
        "action_type": "hero.create_kingdom",
        "data": {
+         "clan_name": "Fixture Kingdom",
          "client_action_id": "<generated-action-id>",
-         "kingdom_name": "Fixture Kingdom",
        },
      },
      "cache": null,
      "contentType": "application/json",
      "method": "POST",

 ❯ Object.check test/panel-combat-support.tsx:65:189

 ❯ test/panel-kingdom-parity.test.tsx:6:584

⎯⎯⎯⎯⎯⎯⎯⎯⎯⎯⎯⎯⎯⎯⎯⎯⎯⎯⎯⎯⎯⎯⎯⎯[1/2]⎯


 Test Files  1 failed (1)
      Tests  2 failed | 18 skipped (20)
   Start at  18:25:25
   Duration  1.98s (tests 53%, environment 25%, transform 15%, import 7%)
