(!) Your Vite config uses features that are unsupported by `configLoader: 'native'`, which is planned to become the default in a future major version of Vite:
  - import "./preact.config" without a file extension (vite.config.ts:3:49). Add the file extension
  - import "./src/skillgames/origin" without a file extension (vite.config.ts:4:44). Add the file extension
Set `VITE_CONFIG_NATIVE_IGNORE_WARNING=true` to suppress this warning.
vite v8.3.2 building client environment for production...
transforming...
тЬУ 68 modules transformed.
rendering chunks...
computing gzip size...
dist/config.html                            0.95 kB тФВ gzip:  0.50 kB
dist/tournament.html                        0.98 kB тФВ gzip:  0.51 kB
dist/extension.html                         1.10 kB тФВ gzip:  0.50 kB
dist/index.html                             1.10 kB тФВ gzip:  0.50 kB
dist/mobile.html                            1.10 kB тФВ gzip:  0.50 kB
dist/panel-extension.html                   1.18 kB тФВ gzip:  0.52 kB
dist/panel-mobile.html                      1.18 kB тФВ gzip:  0.52 kB
dist/.vite/manifest.json                    2.89 kB тФВ gzip:  0.58 kB
dist/assets/TournamentPanel-BZI9w71V.css    0.48 kB тФВ gzip:  0.31 kB
dist/assets/tournament-DXEIGRqF.css         4.33 kB тФВ gzip:  1.53 kB
dist/assets/style-DmLAWYI3.css              4.48 kB тФВ gzip:  1.62 kB
dist/assets/main-Db9qGGtL.css               5.44 kB тФВ gzip:  1.74 kB
dist/assets/main-BcDcf8_c.css               7.13 kB тФВ gzip:  2.24 kB
dist/assets/auth-CV2p59v7.js                0.75 kB тФВ gzip:  0.36 kB тФВ map:   1.69 kB
dist/assets/origin-B6GOuIUI.js              0.88 kB тФВ gzip:  0.53 kB тФВ map:   1.78 kB
dist/assets/CommonView-horudkv3.js          4.12 kB тФВ gzip:  1.72 kB тФВ map:   6.65 kB
dist/assets/CasesView-itAO46g5.js           4.74 kB тФВ gzip:  1.84 kB тФВ map:   7.74 kB
dist/assets/identity-CT_V261U.js            5.39 kB тФВ gzip:  2.11 kB тФВ map:  12.13 kB
dist/assets/TournamentPanel-Bg9VI75f.js     5.62 kB тФВ gzip:  2.02 kB тФВ map:   7.60 kB
dist/assets/config-BPnW3vJ2.js              5.79 kB тФВ gzip:  2.24 kB тФВ map:   8.35 kB
dist/assets/tournament-D91d4GCB.js         18.13 kB тФВ gzip:  5.23 kB тФВ map:  27.99 kB
dist/assets/jsxRuntime-CV27YSlv.js         27.05 kB тФВ gzip:  9.59 kB тФВ map: 175.07 kB
dist/assets/main-C03lWAAv.js               52.42 kB тФВ gzip: 14.23 kB тФВ map:  83.64 kB
dist/assets/main-EvGTWNu9.js              196.61 kB тФВ gzip: 49.23 kB тФВ map: 297.62 kB

тЬУ built in 610ms
