
> shedlink-preact-pilot@0.0.0 build
> npm run typecheck && vite build && node scripts/check-build.mjs


> shedlink-preact-pilot@0.0.0 typecheck
> tsc --noEmit

npm notice
npm notice New minor version of npm available! 11.6.2 -> 11.21.0
npm notice Changelog: https://github.com/npm/cli/releases/tag/v11.21.0
npm notice To update run: npm install -g npm@11.21.0
npm notice
(!) Your Vite config uses features that are unsupported by `configLoader: 'native'`, which is planned to become the default in a future major version of Vite:
  - import "./preact.config" without a file extension (vite.config.ts:3:49). Add the file extension
  - import "./src/skillgames/origin" without a file extension (vite.config.ts:4:44). Add the file extension
Set `VITE_CONFIG_NATIVE_IGNORE_WARNING=true` to suppress this warning.
vite v8.3.2 building client environment for production...
transforming...
тЬУ 98 modules transformed.
rendering chunks...
computing gzip size...
dist/config.html                             0.95 kB тФВ gzip:  0.50 kB
dist/tournament.html                         0.98 kB тФВ gzip:  0.51 kB
dist/extension.html                          1.10 kB тФВ gzip:  0.50 kB
dist/index.html                              1.10 kB тФВ gzip:  0.50 kB
dist/mobile.html                             1.10 kB тФВ gzip:  0.50 kB
dist/panel-extension.html                    1.19 kB тФВ gzip:  0.52 kB
dist/panel-mobile.html                       1.19 kB тФВ gzip:  0.52 kB
dist/.vite/manifest.json                     5.20 kB тФВ gzip:  0.86 kB
dist/assets/TournamentPanel-BZI9w71V.css     0.48 kB тФВ gzip:  0.31 kB
dist/assets/common-Czwl9ijm.css              2.63 kB тФВ gzip:  1.04 kB
dist/assets/tournament-DXEIGRqF.css          4.33 kB тФВ gzip:  1.53 kB
dist/assets/style-DmLAWYI3.css               4.48 kB тФВ gzip:  1.62 kB
dist/assets/bannerlord-entry-Db9qGGtL.css    5.44 kB тФВ gzip:  1.74 kB
dist/assets/main-BcDcf8_c.css                7.13 kB тФВ gzip:  2.24 kB
dist/assets/auth-CV2p59v7.js                 0.75 kB тФВ gzip:  0.36 kB тФВ map:   1.71 kB
dist/assets/origin-B6GOuIUI.js               0.88 kB тФВ gzip:  0.53 kB тФВ map:   1.78 kB
dist/assets/contracts-CLOA6o65.js            1.26 kB тФВ gzip:  0.76 kB тФВ map:   6.86 kB
dist/assets/common-CRsDhMk5.js               1.87 kB тФВ gzip:  0.84 kB тФВ map:   2.69 kB
dist/assets/StatisticsView-yphamyBl.js       2.36 kB тФВ gzip:  1.00 kB тФВ map:   3.11 kB
dist/assets/CasesView-itAO46g5.js            4.74 kB тФВ gzip:  1.84 kB тФВ map:   7.74 kB
dist/assets/TournamentPanel-DL9G1Yzt.js      5.67 kB тФВ gzip:  2.04 kB тФВ map:   7.60 kB
dist/assets/config-BPnW3vJ2.js               5.79 kB тФВ gzip:  2.24 kB тФВ map:   8.35 kB
dist/assets/identity-DwEEfbA5.js             6.28 kB тФВ gzip:  2.38 kB тФВ map:  13.69 kB
dist/assets/PetsView-DBaJdH3X.js             9.78 kB тФВ gzip:  3.18 kB тФВ map:  15.06 kB
dist/assets/GuildsView-CG_tUbDk.js          11.42 kB тФВ gzip:  3.17 kB тФВ map:  16.69 kB
dist/assets/VotingView-rHWw6SEj.js          11.45 kB тФВ gzip:  3.65 kB тФВ map:  17.63 kB
dist/assets/CommonView-CQtbRV39.js          11.64 kB тФВ gzip:  3.65 kB тФВ map:  15.77 kB
dist/assets/ColonyView-CaX7Dlda.js          16.15 kB тФВ gzip:  5.09 kB тФВ map:  26.35 kB
dist/assets/tournament-D91d4GCB.js          18.13 kB тФВ gzip:  5.23 kB тФВ map:  27.99 kB
dist/assets/jsxRuntime-CV27YSlv.js          27.05 kB тФВ gzip:  9.59 kB тФВ map: 175.07 kB
dist/assets/main-BJXIP1kg.js                52.42 kB тФВ gzip: 14.23 kB тФВ map:  83.64 kB
dist/assets/main-Bj3NTWak.js                95.62 kB тФВ gzip: 25.57 kB тФВ map: 167.07 kB
dist/assets/bannerlord-entry-Mntg0JWh.js   224.07 kB тФВ gzip: 50.35 kB тФВ map: 321.82 kB

тЬУ built in 670ms
(!) Your Vite config uses features that are unsupported by `configLoader: 'native'`, which is planned to become the default in a future major version of Vite:
  - import "./preact.config" without a file extension (vite.config.ts:3:49). Add the file extension
  - import "./src/skillgames/origin" without a file extension (vite.config.ts:4:44). Add the file extension
Set `VITE_CONFIG_NATIVE_IGNORE_WARNING=true` to suppress this warning.
PASS: seven entrypoints; identical skillgame pages; validated EBS origin/CSP; isolated tournament preview; helper first; readable local assets; no legacy owner
PASS: bundled runtime licenses and pinned versions included
PASS: source maps confirm Preact-only runtime; readable build settings preserved
PASS: original readable Preact source contents preserved in composed maps
npm notice
npm notice New major version of npm available! 11.6.2 -> 12.2.0
npm notice Changelog: https://github.com/npm/cli/releases/tag/v12.2.0
npm notice To update run: npm install -g npm@12.2.0
npm notice
