{"name":"wrong-dynasty-read-order","red":1,"green":0,"problemNamed":true}
{"name":"stale-host-balance","red":1,"green":0,"problemNamed":true}
{"name":"wrong-rimworld-quote","red":1,"green":0,"problemNamed":true}
{"name":"wrong-rimworld-neuro-route","red":1,"green":0,"problemNamed":true}
{"name":"wrong-rimworld-xenotype","red":1,"green":0,"problemNamed":true}
{"name":"wrong-rimworld-passion","red":1,"green":0,"problemNamed":true}
{"name":"wrong-rimworld-event","red":1,"green":0,"problemNamed":true}
{"name":"wrong-rimworld-gene","red":1,"green":0,"problemNamed":true}
{"name":"wrong-rimworld-health","red":1,"green":0,"problemNamed":true}
{"name":"wrong-social-proposer","red":1,"green":0,"problemNamed":true}
{"name":"wrong-rps-move","red":1,"green":0,"problemNamed":true}
{"name":"wrong-ttt-cell","red":1,"green":0,"problemNamed":true}
{"name":"wrong-tug-batch","red":1,"green":0,"problemNamed":true}
{"name":"wrong-gold-offer","red":1,"green":0,"problemNamed":true}
{"name":"wrong-connection-status","red":1,"green":0,"problemNamed":true}
{"name":"wrong-legacy-gear-action","red":1,"green":0,"problemNamed":true}
{"name":"wrong-observed-armor","red":1,"green":0,"problemNamed":true}
{"name":"wrong-discard-slot","red":1,"green":0,"problemNamed":true}
{"name":"wrong-clan-upgrade-id","red":1,"green":0,"problemNamed":true}
{"name":"wrong-hero-achievement-progress","red":1,"green":0,"problemNamed":true}
{"name":"wrong-vassal-heir","red":1,"green":0,"problemNamed":true}
{"name":"wrong-ransom-viewer","red":1,"green":0,"problemNamed":true}
{"name":"wrong-renamed-child","red":1,"green":0,"problemNamed":true}
{"name":"wrong-heir-name","red":1,"green":0,"problemNamed":true}
{"name":"wrong-hero-gender","red":1,"green":0,"problemNamed":true}
{"name":"wrong-family-action","red":1,"green":0,"problemNamed":true}
{"name":"wrong-workshop-type","red":1,"green":0,"problemNamed":true}
{"name":"wrong-caravan-town","red":1,"green":0,"problemNamed":true}
{"name":"wrong-fief-income","red":1,"green":0,"problemNamed":true}
{"name":"wrong-inheritance-limit","red":1,"green":0,"problemNamed":true}
{"name":"wrong-daily-reward","red":1,"green":0,"problemNamed":true}
{"name":"wrong-created-culture","red":1,"green":0,"problemNamed":true}
{"name":"wrong-game-policy-id","red":1,"green":0,"problemNamed":true}
{"name":"wrong-game-gold-quote","red":1,"green":0,"problemNamed":true}
{"name":"wrong-voting-option","red":1,"green":0,"problemNamed":true}
{"name":"wrong-guild-skill-key","red":1,"green":0,"problemNamed":true}
{"name":"untrimmed-tts-message","red":1,"green":0,"problemNamed":true}
{"name":"wrong-notice-ack-id","red":1,"green":0,"problemNamed":true}
{"name":"cached-streak-read","red":1,"green":0,"problemNamed":true}
{"name":"wrong-colony-skill","red":1,"green":0,"problemNamed":true}
{"name":"wrong-pet-purchase","red":1,"green":0,"problemNamed":true}
{"name":"wrong-case-object","red":1,"green":0,"problemNamed":true}
{"name":"wrong-prediction-target","red":1,"green":0,"problemNamed":true}
{"name":"missing-delayed-tournament-read","red":1,"green":0,"problemNamed":true}
{"name":"stale-round-confirmation","red":1,"green":0,"problemNamed":true}
{"name":"wrong-overlay-value","red":1,"green":0,"problemNamed":true}
