npm warn Unknown env config "http-proxy". This will stop working in the next major version of npm.

> shedlink-preact-pilot@0.0.0 test
> vitest run --run test/panel-party-parity.test.tsx -t release preserves real

(!) Your Vite config uses features that are unsupported by `configLoader: 'native'`, which is planned to become the default in a future major version of Vite:
  - import "./preact.config" without a file extension (vitest.config.ts:2:31). Add the file extension
Set `VITE_CONFIG_NATIVE_IGNORE_WARNING=true` to suppress this warning.

 RUN  v5.0.3 /workspace/scratch/f566ddb2e035/panel-preact-implementation/frontend-next

stdout | test/panel-party-parity.test.tsx > release preserves real 1.5s explicit hidden read plus generic 3.5s tail
[FE-DET] panel SHOW (battle started, viewer alive)

 ❯ test/panel-party-parity.test.tsx (32 tests | 1 failed | 31 skipped) 475ms
   × release preserves real 1.5s explicit hidden read plus generic 3.5s tail 474ms

⎯⎯⎯⎯⎯⎯⎯ Failed Tests 1 ⎯⎯⎯⎯⎯⎯⎯

 FAIL  test/panel-party-parity.test.tsx > release preserves real 1.5s explicit hidden read plus generic 3.5s tail
AssertionError: complete admitted-host request trace, including telemetry and all action/poll tails: expected [ { method: 'GET', …(6) }, …(19) ] to deeply equal [ { method: 'GET', …(6) }, …(19) ]

- Expected
+ Received

@@ -101,10 +101,11 @@
    {
      "body": {
        "action_type": "hero.party_order_release",
        "data": {
          "client_action_id": "<generated-action-id>",
+         "unexpected_mutation": true,
        },
      },
      "cache": null,
      "contentType": "application/json",
      "method": "POST",

 ❯ Object.check test/panel-combat-support.tsx:65:189

 ❯ test/panel-party-parity.test.tsx:6:220

⎯⎯⎯⎯⎯⎯⎯⎯⎯⎯⎯⎯⎯⎯⎯⎯⎯⎯⎯⎯⎯⎯⎯⎯[1/1]⎯


 Test Files  1 failed (1)
      Tests  1 failed | 31 skipped (32)
   Start at  17:45:53
   Duration  1.46s (environment 37%, tests 35%, transform 18%, import 9%)
