npm warn Unknown env config "http-proxy". This will stop working in the next major version of npm.

> shedlink-preact-pilot@0.0.0 test
> vitest run --run test/panel-party-safety.test.tsx -t scheduled acknowledged order tail

(!) Your Vite config uses features that are unsupported by `configLoader: 'native'`, which is planned to become the default in a future major version of Vite:
  - import "./preact.config" without a file extension (vitest.config.ts:2:31). Add the file extension
Set `VITE_CONFIG_NATIVE_IGNORE_WARNING=true` to suppress this warning.

 RUN  v5.0.3 /workspace/scratch/f566ddb2e035/panel-preact-implementation/frontend-next

stdout | test/panel-party-safety.test.tsx > a scheduled acknowledged order tail cannot move onto a later same-viewer token
[FE-DET] panel SHOW (battle started, viewer alive)

 ❯ test/panel-party-safety.test.tsx (46 tests | 1 failed | 45 skipped) 450ms
   × a scheduled acknowledged order tail cannot move onto a later same-viewer token 448ms

⎯⎯⎯⎯⎯⎯⎯ Failed Tests 1 ⎯⎯⎯⎯⎯⎯⎯

 FAIL  test/panel-party-safety.test.tsx > a scheduled acknowledged order tail cannot move onto a later same-viewer token
AssertionError: expected [ { method: 'GET', …(7) } ] to have a length of +0 but got 1

- Expected
+ Received

- 0
+ 1

 ❯ test/panel-party-safety.test.tsx:65:511


⎯⎯⎯⎯⎯⎯⎯⎯⎯⎯⎯⎯⎯⎯⎯⎯⎯⎯⎯⎯⎯⎯⎯⎯[1/1]⎯


 Test Files  1 failed (1)
      Tests  1 failed | 45 skipped (46)
   Start at  17:46:03
   Duration  1.56s (environment 37%, tests 31%, transform 22%, import 10%)
