npm warn Unknown env config "http-proxy". This will stop working in the next major version of npm.

> shedlink-preact-pilot@0.0.0 test
> vitest run --run test/panel-party-parity.test.tsx -t strategic siege exact target

(!) Your Vite config uses features that are unsupported by `configLoader: 'native'`, which is planned to become the default in a future major version of Vite:
  - import "./preact.config" without a file extension (vitest.config.ts:2:31). Add the file extension
Set `VITE_CONFIG_NATIVE_IGNORE_WARNING=true` to suppress this warning.

 RUN  v5.0.3 /workspace/scratch/f566ddb2e035/panel-preact-implementation/frontend-next

stdout | test/panel-party-parity.test.tsx > strategic siege exact target decoration and complete 2s/3.5s tails
[FE-DET] panel SHOW (battle started, viewer alive)

 ❯ test/panel-party-parity.test.tsx (32 tests | 1 failed | 31 skipped) 600ms
   × strategic siege exact target decoration and complete 2s/3.5s tails 598ms

⎯⎯⎯⎯⎯⎯⎯ Failed Tests 1 ⎯⎯⎯⎯⎯⎯⎯

 FAIL  test/panel-party-parity.test.tsx > strategic siege exact target decoration and complete 2s/3.5s tails
AssertionError: complete admitted-host request trace, including telemetry and all action/poll tails: expected [ { method: 'GET', …(6) }, …(21) ] to deeply equal [ { method: 'GET', …(6) }, …(21) ]

- Expected
+ Received

@@ -103,11 +103,11 @@
        "action_type": "hero.party_order_set",
        "data": {
          "client_action_id": "<generated-action-id>",
          "order_type": "siege",
          "target_settlement_id": "fixture_enemy_town",
-         "target_settlement_name": "Enemy Town (город, ~2 дн)",
+         "target_settlement_name_WRONG": "Enemy Town (город, ~2 дн)",
        },
      },
      "cache": null,
      "contentType": "application/json",
      "method": "POST",

 ❯ Object.check test/panel-combat-support.tsx:65:189

 ❯ test/panel-party-parity.test.tsx:4:440

⎯⎯⎯⎯⎯⎯⎯⎯⎯⎯⎯⎯⎯⎯⎯⎯⎯⎯⎯⎯⎯⎯⎯⎯[1/1]⎯


 Test Files  1 failed (1)
      Tests  1 failed | 31 skipped (32)
   Start at  17:45:51
   Duration  1.59s (tests 41%, environment 35%, transform 16%, import 8%)

npm notice
npm notice New major version of npm available! 11.9.0 -> 12.2.0
npm notice Changelog: https://github.com/npm/cli/releases/tag/v12.2.0
npm notice To update run: npm install -g npm@12.2.0
npm notice
